Archive member included because of file (symbol)

C:\Users\Hikaru\Documents\LPCXpresso_7.4.0_229\workspace3\lpc800_driver_lib\Debug\liblpc800_driver_lib.a(lpc8xx_gpio.o)
                              ./src/MyLPC812.o (GPIOSetDir)
C:\Users\Hikaru\Documents\LPCXpresso_7.4.0_229\workspace3\lpc800_driver_lib\Debug\liblpc800_driver_lib.a(lpc8xx_i2c.o)
                              ./src/MyLPC812.o (I2C_MstInit)
C:\Users\Hikaru\Documents\LPCXpresso_7.4.0_229\workspace3\lpc800_driver_lib\Debug\liblpc800_driver_lib.a(lpc8xx_uart.o)
                              ./src/MyLPC812.o (UARTInit)
C:\Users\Hikaru\Documents\LPCXpresso_7.4.0_229\workspace3\CMSIS_CORE_LPC8xx\Debug\libCMSIS_CORE_LPC8xx.a(system_LPC8xx.o)
                              ./src/MyLPC812.o (SystemCoreClockUpdate)
c:/nxp/lpcxpresso_7.4.0_229/lpcxpresso/tools/bin/../lib/gcc/arm-none-eabi/4.8.4/../../../../arm-none-eabi/lib/armv6-m\libcr_semihost.a(_cr__main.o)
                              ./src/cr_startup_lpc8xx.o (__main)
c:/nxp/lpcxpresso_7.4.0_229/lpcxpresso/tools/bin/../lib/gcc/arm-none-eabi/4.8.4/../../../../arm-none-eabi/lib/armv6-m\libcr_c.a(fpprintf.o)
                              ./src/MyLPC812.o (sprintf)
c:/nxp/lpcxpresso_7.4.0_229/lpcxpresso/tools/bin/../lib/gcc/arm-none-eabi/4.8.4/../../../../arm-none-eabi/lib/armv6-m\libcr_c.a(initio.o)
                              c:/nxp/lpcxpresso_7.4.0_229/lpcxpresso/tools/bin/../lib/gcc/arm-none-eabi/4.8.4/../../../../arm-none-eabi/lib/armv6-m\libcr_semihost.a(_cr__main.o) (_initio)
c:/nxp/lpcxpresso_7.4.0_229/lpcxpresso/tools/bin/../lib/gcc/arm-none-eabi/4.8.4/../../../../arm-none-eabi/lib/armv6-m\libcr_c.a(printf.o)
                              c:/nxp/lpcxpresso_7.4.0_229/lpcxpresso/tools/bin/../lib/gcc/arm-none-eabi/4.8.4/../../../../arm-none-eabi/lib/armv6-m\libcr_c.a(fpprintf.o) (__vfprintf)
c:/nxp/lpcxpresso_7.4.0_229/lpcxpresso/tools/bin/../lib/gcc/arm-none-eabi/4.8.4/../../../../arm-none-eabi/lib/armv6-m\libcr_c.a(setvbuf.o)
                              c:/nxp/lpcxpresso_7.4.0_229/lpcxpresso/tools/bin/../lib/gcc/arm-none-eabi/4.8.4/../../../../arm-none-eabi/lib/armv6-m\libcr_c.a(initio.o) (setvbuf)
c:/nxp/lpcxpresso_7.4.0_229/lpcxpresso/tools/bin/../lib/gcc/arm-none-eabi/4.8.4/../../../../arm-none-eabi/lib/armv6-m\libcr_c.a(stdio.o)
                              c:/nxp/lpcxpresso_7.4.0_229/lpcxpresso/tools/bin/../lib/gcc/arm-none-eabi/4.8.4/../../../../arm-none-eabi/lib/armv6-m\libcr_c.a(fpprintf.o) (__Ciob)
c:/nxp/lpcxpresso_7.4.0_229/lpcxpresso/tools/bin/../lib/gcc/arm-none-eabi/4.8.4/../../../../arm-none-eabi/lib/armv6-m\libcr_c.a(strlen.o)
                              c:/nxp/lpcxpresso_7.4.0_229/lpcxpresso/tools/bin/../lib/gcc/arm-none-eabi/4.8.4/../../../../arm-none-eabi/lib/armv6-m\libcr_c.a(printf.o) (strlen)
c:/nxp/lpcxpresso_7.4.0_229/lpcxpresso/tools/bin/../lib/gcc/arm-none-eabi/4.8.4/../../../../arm-none-eabi/lib/armv6-m\libcr_c.a(memset.o)
                              c:/nxp/lpcxpresso_7.4.0_229/lpcxpresso/tools/bin/../lib/gcc/arm-none-eabi/4.8.4/../../../../arm-none-eabi/lib/armv6-m\libcr_c.a(fpprintf.o) (memset)
c:/nxp/lpcxpresso_7.4.0_229/lpcxpresso/tools/bin/../lib/gcc/arm-none-eabi/4.8.4/../../../../arm-none-eabi/lib/armv6-m\libcr_c.a(__fillbuf.o)
                              c:/nxp/lpcxpresso_7.4.0_229/lpcxpresso/tools/bin/../lib/gcc/arm-none-eabi/4.8.4/../../../../arm-none-eabi/lib/armv6-m\libcr_c.a(stdio.o) (__filbuf)
c:/nxp/lpcxpresso_7.4.0_229/lpcxpresso/tools/bin/../lib/gcc/arm-none-eabi/4.8.4/../../../../arm-none-eabi/lib/armv6-m\libcr_c.a(_deferredlazyseek.o)
                              c:/nxp/lpcxpresso_7.4.0_229/lpcxpresso/tools/bin/../lib/gcc/arm-none-eabi/4.8.4/../../../../arm-none-eabi/lib/armv6-m\libcr_c.a(__fillbuf.o) (_deferredlazyseek)
c:/nxp/lpcxpresso_7.4.0_229/lpcxpresso/tools/bin/../lib/gcc/arm-none-eabi/4.8.4/../../../../arm-none-eabi/lib/armv6-m\libcr_c.a(_fdopen.o)
                              c:/nxp/lpcxpresso_7.4.0_229/lpcxpresso/tools/bin/../lib/gcc/arm-none-eabi/4.8.4/../../../../arm-none-eabi/lib/armv6-m\libcr_c.a(initio.o) (_fdopen)
c:/nxp/lpcxpresso_7.4.0_229/lpcxpresso/tools/bin/../lib/gcc/arm-none-eabi/4.8.4/../../../../arm-none-eabi/lib/armv6-m\libcr_c.a(_fflush.o)
                              c:/nxp/lpcxpresso_7.4.0_229/lpcxpresso/tools/bin/../lib/gcc/arm-none-eabi/4.8.4/../../../../arm-none-eabi/lib/armv6-m\libcr_c.a(__fillbuf.o) (_fflush)
c:/nxp/lpcxpresso_7.4.0_229/lpcxpresso/tools/bin/../lib/gcc/arm-none-eabi/4.8.4/../../../../arm-none-eabi/lib/armv6-m\libcr_c.a(_frexpl.o)
                              c:/nxp/lpcxpresso_7.4.0_229/lpcxpresso/tools/bin/../lib/gcc/arm-none-eabi/4.8.4/../../../../arm-none-eabi/lib/armv6-m\libcr_c.a(fpprintf.o) (_frexpl)
c:/nxp/lpcxpresso_7.4.0_229/lpcxpresso/tools/bin/../lib/gcc/arm-none-eabi/4.8.4/../../../../arm-none-eabi/lib/armv6-m\libcr_c.a(_ldexpl.o)
[...]
Memory Configuration

Name             Origin             Length             Attributes
MFlash16         0x00000000         0x00004000         xr
RamLoc4          0x10000000         0x00001000         xrw
*default*        0x00000000         0xffffffff

Linker script and memory map

LOAD ./src/MyLPC812.o
LOAD ./src/cr_startup_lpc8xx.o
LOAD ./src/crp.o
LOAD ./src/mtb.o
LOAD ./src/sct_fsm.o
LOAD C:\Users\Hikaru\Documents\LPCXpresso_7.4.0_229\workspace3\lpc800_driver_lib\Debug\liblpc800_driver_lib.a
LOAD C:\Users\Hikaru\Documents\LPCXpresso_7.4.0_229\workspace3\CMSIS_CORE_LPC8xx\Debug\libCMSIS_CORE_LPC8xx.a
LOAD C:\Users\Hikaru\Documents\LPCXpresso_7.4.0_229\workspace3\CMSIS_DSPLIB_CM0\lib\libCMSIS_DSPLIB_CM0.a
START GROUP
LOAD c:/nxp/lpcxpresso_7.4.0_229/lpcxpresso/tools/bin/../lib/gcc/arm-none-eabi/4.8.4/../../../../arm-none-eabi/lib/armv6-m\libcr_semihost.a
LOAD c:/nxp/lpcxpresso_7.4.0_229/lpcxpresso/tools/bin/../lib/gcc/arm-none-eabi/4.8.4/../../../../arm-none-eabi/lib/armv6-m\libcr_c.a
LOAD c:/nxp/lpcxpresso_7.4.0_229/lpcxpresso/tools/bin/../lib/gcc/arm-none-eabi/4.8.4/armv6-m\libcr_eabihelpers.a
END GROUP
                0x00004000                __top_MFlash16 = 0x4000
                0x10001000                __top_RamLoc4 = 0x10001000

.text           0x00000000     0x3768
 FILL mask 0xff
                0x00000000                __vectors_start__ = ABSOLUTE (.)
 *(.isr_vector)
 .isr_vector    0x00000000       0xc0 ./src/cr_startup_lpc8xx.o
                0x00000000                g_pfnVectors
                0x000000c0                . = ALIGN (0x4)
                0x000000c0                __section_table_start = .
                0x000000c0                __data_section_table = .
                0x000000c0        0x4 LONG 0x3768 LOADADDR (.data)
                0x000000c4        0x4 LONG 0x10000100 ADDR (.data)
                0x000000c8        0x4 LONG 0x8 SIZEOF (.data)
                0x000000cc                __data_section_table_end = .
                0x000000cc                __bss_section_table = .
                0x000000cc        0x4 LONG 0x10000108 ADDR (.bss)
                0x000000d0        0x4 LONG 0x3c0 SIZEOF (.bss)
                0x000000d4                __bss_section_table_end = .
                0x000000d4                __section_table_end = .
 *(.after_vectors*)
 .after_vectors
                0x000000d4       0x90 ./src/cr_startup_lpc8xx.o
                0x000000d4                NMI_Handler
                0x000000d8                HardFault_Handler
                0x000000dc                SVC_Handler
                0x000000e0                PendSV_Handler
                0x000000e8                WKT_IRQHandler
                0x000000e8                MRT_IRQHandler
                0x000000e8                SPI0_IRQHandler
                0x000000e8                SPI1_IRQHandler
                0x000000e8                IntDefaultHandler
                0x000000e8                CMP_IRQHandler
                0x000000e8                PININT3_IRQHandler
                0x000000e8                BOD_IRQHandler
                0x000000e8                SCT_IRQHandler
                0x000000e8                WDT_IRQHandler
                0x000000ec                data_init
                0x00000104                bss_init
                0x00000118                ResetISR
                0x000002fc                . = 0x2fc
 *fill*         0x00000164      0x198 ff
                0x000002fc                PROVIDE (__CRP_WORD_START__, .)
 *(.crp)
 .crp           0x000002fc        0x4 ./src/crp.o
                0x000002fc                CRP_WORD
                0x00000300                PROVIDE (__CRP_WORD_END__, .)
                0x00000001                ASSERT (! ((__CRP_WORD_START__ == __CRP_WORD_END__)), Linker CRP Enabled, but no CRP_WORD provided within application)
 *(.text*)
 .text.Init_UART
                0x00000300       0x24 ./src/MyLPC812.o
                0x00000300                Init_UART
 .text.UARTSend_str
                0x00000324       0x14 ./src/MyLPC812.o
                0x00000324                UARTSend_str
 .text.Init_GPIO
                0x00000338       0x48 ./src/MyLPC812.o
                0x00000338                Init_GPIO
 .text.Init_SCT
                0x00000380       0x4c ./src/MyLPC812.o
                0x00000380                Init_SCT
 .text.SysTick_Handler
                0x000003cc       0x10 ./src/MyLPC812.o
                0x000003cc                SysTick_Handler
 .text.main     0x000003dc       0x98 ./src/MyLPC812.o
                0x000003dc                main
 .text.sct_fsm_init
                0x00000474      0x104 ./src/sct_fsm.o
                0x00000474                sct_fsm_init
 .text.PININT_Handler
                0x00000578      0x100 C:\Users\Hikaru\Documents\LPCXpresso_7.4.0_229\workspace3\lpc800_driver_lib\Debug\liblpc800_driver_lib.a(lpc8xx_gpio.o)
                0x00000578                PININT_Handler
 .text.PININT0_IRQHandler
                0x00000678        0xc C:\Users\Hikaru\Documents\LPCXpresso_7.4.0_229\workspace3\lpc800_driver_lib\Debug\liblpc800_driver_lib.a(lpc8xx_gpio.o)
                0x00000678                PININT0_IRQHandler
 .text.PININT1_IRQHandler
                0x00000684        0xc C:\Users\Hikaru\Documents\LPCXpresso_7.4.0_229\workspace3\lpc800_driver_lib\Debug\liblpc800_driver_lib.a(lpc8xx_gpio.o)
                0x00000684                PININT1_IRQHandler
 .text.PININT2_IRQHandler
                0x00000690        0xc C:\Users\Hikaru\Documents\LPCXpresso_7.4.0_229\workspace3\lpc800_driver_lib\Debug\liblpc800_driver_lib.a(lpc8xx_gpio.o)
                0x00000690                PININT2_IRQHandler
 .text.PININT4_IRQHandler
                0x0000069c        0xc C:\Users\Hikaru\Documents\LPCXpresso_7.4.0_229\workspace3\lpc800_driver_lib\Debug\liblpc800_driver_lib.a(lpc8xx_gpio.o)
                0x0000069c                PININT4_IRQHandler
 .text.PININT5_IRQHandler
                0x000006a8        0xc C:\Users\Hikaru\Documents\LPCXpresso_7.4.0_229\workspace3\lpc800_driver_lib\Debug\liblpc800_driver_lib.a(lpc8xx_gpio.o)
                0x000006a8                PININT5_IRQHandler
 .text.PININT6_IRQHandler
                0x000006b4        0xc C:\Users\Hikaru\Documents\LPCXpresso_7.4.0_229\workspace3\lpc800_driver_lib\Debug\liblpc800_driver_lib.a(lpc8xx_gpio.o)
                0x000006b4                PININT6_IRQHandler
 .text.PININT7_IRQHandler
                0x000006c0        0xc C:\Users\Hikaru\Documents\LPCXpresso_7.4.0_229\workspace3\lpc800_driver_lib\Debug\liblpc800_driver_lib.a(lpc8xx_gpio.o)
                0x000006c0                PININT7_IRQHandler
 .text.GPIOSetDir
                0x000006cc       0x30 C:\Users\Hikaru\Documents\LPCXpresso_7.4.0_229\workspace3\lpc800_driver_lib\Debug\liblpc800_driver_lib.a(lpc8xx_gpio.o)
                0x000006cc                GPIOSetDir
 .text.I2C_MasterStatus
                0x000006fc       0x40 C:\Users\Hikaru\Documents\LPCXpresso_7.4.0_229\workspace3\lpc800_driver_lib\Debug\liblpc800_driver_lib.a(lpc8xx_i2c.o)
                0x000006fc                I2C_MasterStatus
 .text.I2C_SlaveStatus
                0x0000073c       0x30 C:\Users\Hikaru\Documents\LPCXpresso_7.4.0_229\workspace3\lpc800_driver_lib\Debug\liblpc800_driver_lib.a(lpc8xx_i2c.o)
                0x0000073c                I2C_SlaveStatus
 .text.I2C_IRQHandler
                0x0000076c      0x1d0 C:\Users\Hikaru\Documents\LPCXpresso_7.4.0_229\workspace3\lpc800_driver_lib\Debug\liblpc800_driver_lib.a(lpc8xx_i2c.o)
                0x0000076c                I2C_IRQHandler
 .text.UART_Handler
                0x0000093c       0x84 C:\Users\Hikaru\Documents\LPCXpresso_7.4.0_229\workspace3\lpc800_driver_lib\Debug\liblpc800_driver_lib.a(lpc8xx_uart.o)
                0x0000093c                UART_Handler
 .text.UART0_IRQHandler
                0x000009c0       0x10 C:\Users\Hikaru\Documents\LPCXpresso_7.4.0_229\workspace3\lpc800_driver_lib\Debug\liblpc800_driver_lib.a(lpc8xx_uart.o)
                0x000009c0                UART0_IRQHandler
 .text.UART1_IRQHandler
                0x000009d0       0x10 C:\Users\Hikaru\Documents\LPCXpresso_7.4.0_229\workspace3\lpc800_driver_lib\Debug\liblpc800_driver_lib.a(lpc8xx_uart.o)
                0x000009d0                UART1_IRQHandler
 .text.UART2_IRQHandler
                0x000009e0       0x10 C:\Users\Hikaru\Documents\LPCXpresso_7.4.0_229\workspace3\lpc800_driver_lib\Debug\liblpc800_driver_lib.a(lpc8xx_uart.o)
                0x000009e0                UART2_IRQHandler
 .text.UARTClock_Init
                0x000009f0       0x94 C:\Users\Hikaru\Documents\LPCXpresso_7.4.0_229\workspace3\lpc800_driver_lib\Debug\liblpc800_driver_lib.a(lpc8xx_uart.o)
                0x000009f0                UARTClock_Init
 .text.UARTInit
                0x00000a84       0xc0 C:\Users\Hikaru\Documents\LPCXpresso_7.4.0_229\workspace3\lpc800_driver_lib\Debug\liblpc800_driver_lib.a(lpc8xx_uart.o)
                0x00000a84                UARTInit
 .text.UARTSend
                0x00000b44       0x2c C:\Users\Hikaru\Documents\LPCXpresso_7.4.0_229\workspace3\lpc800_driver_lib\Debug\liblpc800_driver_lib.a(lpc8xx_uart.o)
                0x00000b44                UARTSend
 .text.SystemCoreClockUpdate
                0x00000b70       0x84 C:\Users\Hikaru\Documents\LPCXpresso_7.4.0_229\workspace3\CMSIS_CORE_LPC8xx\Debug\libCMSIS_CORE_LPC8xx.a(system_LPC8xx.o)
                0x00000b70                SystemCoreClockUpdate
 .text.SystemInit
                0x00000bf4       0x84 C:\Users\Hikaru\Documents\LPCXpresso_7.4.0_229\workspace3\CMSIS_CORE_LPC8xx\Debug\libCMSIS_CORE_LPC8xx.a(system_LPC8xx.o)
                0x00000bf4                SystemInit
 .text.__main   0x00000c78       0x12 c:/nxp/lpcxpresso_7.4.0_229/lpcxpresso/tools/bin/../lib/gcc/arm-none-eabi/4.8.4/../../../../arm-none-eabi/lib/armv6-m\libcr_semihost.a(_cr__main.o)
                0x00000c78                __CR_SEMIHOST
                0x00000c78                __main
 .text.fp_round
                0x00000c8a       0x48 c:/nxp/lpcxpresso_7.4.0_229/lpcxpresso/tools/bin/../lib/gcc/arm-none-eabi/4.8.4/../../../../arm-none-eabi/lib/armv6-m\libcr_c.a(fpprintf.o)
 .text.pr_dec.constprop.1
                0x00000cd2       0x28 c:/nxp/lpcxpresso_7.4.0_229/lpcxpresso/tools/bin/../lib/gcc/arm-none-eabi/4.8.4/../../../../arm-none-eabi/lib/armv6-m\libcr_c.a(fpprintf.o)
 *fill*         0x00000cfa        0x6 
 .text.sprintf  0x00000d00       0x70 c:/nxp/lpcxpresso_7.4.0_229/lpcxpresso/tools/bin/../lib/gcc/arm-none-eabi/4.8.4/../../../../arm-none-eabi/lib/armv6-m\libcr_c.a(fpprintf.o)
                0x00000d00                sprintf
 .text.fp_display
                0x00000d70      0x980 c:/nxp/lpcxpresso_7.4.0_229/lpcxpresso/tools/bin/../lib/gcc/arm-none-eabi/4.8.4/../../../../arm-none-eabi/lib/armv6-m\libcr_c.a(fpprintf.o)
 .text._initio  0x000016f0       0xa4 c:/nxp/lpcxpresso_7.4.0_229/lpcxpresso/tools/bin/../lib/gcc/arm-none-eabi/4.8.4/../../../../arm-none-eabi/lib/armv6-m\libcr_c.a(initio.o)
                0x000016f0                _initio
 .text.__vfprintf
                0x00001794      0xd4c c:/nxp/lpcxpresso_7.4.0_229/lpcxpresso/tools/bin/../lib/gcc/arm-none-eabi/4.8.4/../../../../arm-none-eabi/lib/armv6-m\libcr_c.a(printf.o)
                0x00001794                __vfprintf
 .text.setvbuf  0x000024e0       0x48 c:/nxp/lpcxpresso_7.4.0_229/lpcxpresso/tools/bin/../lib/gcc/arm-none-eabi/4.8.4/../../../../arm-none-eabi/lib/armv6-m\libcr_c.a(setvbuf.o)
                0x000024e0                setvbuf
 .text.strlen   0x00002528       0x54 c:/nxp/lpcxpresso_7.4.0_229/lpcxpresso/tools/bin/../lib/gcc/arm-none-eabi/4.8.4/../../../../arm-none-eabi/lib/armv6-m\libcr_c.a(strlen.o)
                0x00002528                strlen
 .text.memset   0x0000257c        0x8 c:/nxp/lpcxpresso_7.4.0_229/lpcxpresso/tools/bin/../lib/gcc/arm-none-eabi/4.8.4/../../../../arm-none-eabi/lib/armv6-m\libcr_c.a(memset.o)
                0x0000257c                memset
 .text._deferredlazyseek
                0x00002584       0x44 c:/nxp/lpcxpresso_7.4.0_229/lpcxpresso/tools/bin/../lib/gcc/arm-none-eabi/4.8.4/../../../../arm-none-eabi/lib/armv6-m\libcr_c.a(_deferredlazyseek.o)
                0x00002584                _deferredlazyseek
 .text.__flsbuf
                0x000025c8      0x154 c:/nxp/lpcxpresso_7.4.0_229/lpcxpresso/tools/bin/../lib/gcc/arm-none-eabi/4.8.4/../../../../arm-none-eabi/lib/armv6-m\libcr_c.a(_deferredlazyseek.o)
                0x000025c8                __flsbuf
 .text._fdopen  0x0000271c       0x68 c:/nxp/lpcxpresso_7.4.0_229/lpcxpresso/tools/bin/../lib/gcc/arm-none-eabi/4.8.4/../../../../arm-none-eabi/lib/armv6-m\libcr_c.a(_fdopen.o)
                0x0000271c                _fdopen
 .text._fflush  0x00002784       0x64 c:/nxp/lpcxpresso_7.4.0_229/lpcxpresso/tools/bin/../lib/gcc/arm-none-eabi/4.8.4/../../../../arm-none-eabi/lib/armv6-m\libcr_c.a(_fflush.o)
                0x00002784                _fflush
 .text._frexpl  0x000027e8       0x80 c:/nxp/lpcxpresso_7.4.0_229/lpcxpresso/tools/bin/../lib/gcc/arm-none-eabi/4.8.4/../../../../arm-none-eabi/lib/armv6-m\libcr_c.a(_frexpl.o)
                0x000027e8                _frexpl
 .text._ldexpl  0x00002868       0x60 c:/nxp/lpcxpresso_7.4.0_229/lpcxpresso/tools/bin/../lib/gcc/arm-none-eabi/4.8.4/../../../../arm-none-eabi/lib/armv6-m\libcr_c.a(_ldexpl.o)
                0x00002868                _ldexpl
 .text._Cwritebuf
                0x000028c8       0x6c c:/nxp/lpcxpresso_7.4.0_229/lpcxpresso/tools/bin/../lib/gcc/arm-none-eabi/4.8.4/../../../../arm-none-eabi/lib/armv6-m\libcr_c.a(_writebuf.o)
                0x000028c8                _Cwritebuf
 .text.malloc   0x00002934       0xc0 c:/nxp/lpcxpresso_7.4.0_229/lpcxpresso/tools/bin/../lib/gcc/arm-none-eabi/4.8.4/../../../../arm-none-eabi/lib/armv6-m\libcr_c.a(alloc.o)
                0x00002934                malloc
 .text.free     0x000029f4        0xe c:/nxp/lpcxpresso_7.4.0_229/lpcxpresso/tools/bin/../lib/gcc/arm-none-eabi/4.8.4/../../../../arm-none-eabi/lib/armv6-m\libcr_c.a(alloc.o)
                0x000029f4                free
 *fill*         0x00002a02        0x2 
 .text._Csys_alloc
                0x00002a04       0x20 c:/nxp/lpcxpresso_7.4.0_229/lpcxpresso/tools/bin/../lib/gcc/arm-none-eabi/4.8.4/../../../../arm-none-eabi/lib/armv6-m\libcr_c.a(alloc.o)
                0x00002a04                _Csys_alloc
 .text.fclose   0x00002a24       0x70 c:/nxp/lpcxpresso_7.4.0_229/lpcxpresso/tools/bin/../lib/gcc/arm-none-eabi/4.8.4/../../../../arm-none-eabi/lib/armv6-m\libcr_c.a(fclose.o)
                0x00002a24                fclose
 .text.fflush   0x00002a94       0x34 c:/nxp/lpcxpresso_7.4.0_229/lpcxpresso/tools/bin/../lib/gcc/arm-none-eabi/4.8.4/../../../../arm-none-eabi/lib/armv6-m\libcr_c.a(fflush.o)
                0x00002a94                fflush
 .text.fseek    0x00002ac8       0xf8 c:/nxp/lpcxpresso_7.4.0_229/lpcxpresso/tools/bin/../lib/gcc/arm-none-eabi/4.8.4/../../../../arm-none-eabi/lib/armv6-m\libcr_c.a(fseek.o)
                0x00002ac8                fseek
 .text.ftell    0x00002bc0       0x4c c:/nxp/lpcxpresso_7.4.0_229/lpcxpresso/tools/bin/../lib/gcc/arm-none-eabi/4.8.4/../../../../arm-none-eabi/lib/armv6-m\libcr_c.a(ftell.o)
                0x00002bc0                ftell
 .text.remove   0x00002c0c       0x12 c:/nxp/lpcxpresso_7.4.0_229/lpcxpresso/tools/bin/../lib/gcc/arm-none-eabi/4.8.4/../../../../arm-none-eabi/lib/armv6-m\libcr_c.a(remove.o)
                0x00002c0c                remove
 *fill*         0x00002c1e        0x2 
 .text._sbrk    0x00002c20       0x40 c:/nxp/lpcxpresso_7.4.0_229/lpcxpresso/tools/bin/../lib/gcc/arm-none-eabi/4.8.4/../../../../arm-none-eabi/lib/armv6-m\libcr_c.a(_cr_sbrk.o)
                0x00002c20                _sbrk
 .text._do_fflush
                0x00002c60       0x48 c:/nxp/lpcxpresso_7.4.0_229/lpcxpresso/tools/bin/../lib/gcc/arm-none-eabi/4.8.4/../../../../arm-none-eabi/lib/armv6-m\libcr_c.a(_do_fflush.o)
                0x00002c60                _do_fflush
 .text.__check_heap_overflow
                0x00002ca8       0x18 c:/nxp/lpcxpresso_7.4.0_229/lpcxpresso/tools/bin/../lib/gcc/arm-none-eabi/4.8.4/../../../../arm-none-eabi/lib/armv6-m\libcr_c.a(_cr_check_heap.o)
                0x00002ca8                __check_heap_overflow
 .text.__aeabi_division_idivmod
                0x00002cc0       0x78 c:/nxp/lpcxpresso_7.4.0_229/lpcxpresso/tools/bin/../lib/gcc/arm-none-eabi/4.8.4/armv6-m\libcr_eabihelpers.a(division_32.o)
                0x00002cc0                __aeabi_idivmod
                0x00002cc0                __aeabi_idiv
                0x00002cc6                __aeabi_uidivmod
                0x00002cc6                __aeabi_uidiv
 .text.__aeabi_division_idiv0
                0x00002d38        0x2 c:/nxp/lpcxpresso_7.4.0_229/lpcxpresso/tools/bin/../lib/gcc/arm-none-eabi/4.8.4/armv6-m\libcr_eabihelpers.a(division_idiv0.o)
                0x00002d38                __aeabi_idiv0
 *fill*         0x00002d3a        0x6 
 .text.__aeabi_dmul
                0x00002d40      0x188 c:/nxp/lpcxpresso_7.4.0_229/lpcxpresso/tools/bin/../lib/gcc/arm-none-eabi/4.8.4/armv6-m\libcr_eabihelpers.a(double.o)
                0x00002d40                __aeabi_dmul
 .text.__aeabi_ddiv
                0x00002ec8      0x160 c:/nxp/lpcxpresso_7.4.0_229/lpcxpresso/tools/bin/../lib/gcc/arm-none-eabi/4.8.4/armv6-m\libcr_eabihelpers.a(double.o)
                0x00002ec8                __aeabi_ddiv
 .text.__aeabi_dsub
                0x00003028      0x1e8 c:/nxp/lpcxpresso_7.4.0_229/lpcxpresso/tools/bin/../lib/gcc/arm-none-eabi/4.8.4/armv6-m\libcr_eabihelpers.a(double.o)
                0x00003028                __aeabi_dsub
 .text.__aeabi_dadd
                0x00003210      0x148 c:/nxp/lpcxpresso_7.4.0_229/lpcxpresso/tools/bin/../lib/gcc/arm-none-eabi/4.8.4/armv6-m\libcr_eabihelpers.a(double.o)
                0x00003210                __aeabi_dadd
 .text.__aeabi_d2iz
                0x00003358       0x48 c:/nxp/lpcxpresso_7.4.0_229/lpcxpresso/tools/bin/../lib/gcc/arm-none-eabi/4.8.4/armv6-m\libcr_eabihelpers.a(double.o)
                0x00003358                __aeabi_d2iz
 .text.__bhs_ui2d
                0x000033a0       0x5e c:/nxp/lpcxpresso_7.4.0_229/lpcxpresso/tools/bin/../lib/gcc/arm-none-eabi/4.8.4/armv6-m\libcr_eabihelpers.a(double.o)
                0x000033a0                __bhs_ui2d
 .text.__aeabi_i2d
                0x000033fe       0x16 c:/nxp/lpcxpresso_7.4.0_229/lpcxpresso/tools/bin/../lib/gcc/arm-none-eabi/4.8.4/armv6-m\libcr_eabihelpers.a(double.o)
                0x000033fe                __aeabi_i2d
 .text.__aeabi_dcmpeq
                0x00003414       0x38 c:/nxp/lpcxpresso_7.4.0_229/lpcxpresso/tools/bin/../lib/gcc/arm-none-eabi/4.8.4/armv6-m\libcr_eabihelpers.a(double.o)
                0x00003414                __aeabi_dcmpeq
 .text.__aeabi_dcmplt
                0x0000344c       0x78 c:/nxp/lpcxpresso_7.4.0_229/lpcxpresso/tools/bin/../lib/gcc/arm-none-eabi/4.8.4/armv6-m\libcr_eabihelpers.a(double.o)
                0x0000344c                __aeabi_dcmplt
 .text.__aeabi_dcmple
                0x000034c4       0x78 c:/nxp/lpcxpresso_7.4.0_229/lpcxpresso/tools/bin/../lib/gcc/arm-none-eabi/4.8.4/armv6-m\libcr_eabihelpers.a(double.o)
                0x000034c4                __aeabi_dcmple
 .text.__aeabi_dcmpge
                0x0000353c       0x70 c:/nxp/lpcxpresso_7.4.0_229/lpcxpresso/tools/bin/../lib/gcc/arm-none-eabi/4.8.4/armv6-m\libcr_eabihelpers.a(double.o)
                0x0000353c                __aeabi_dcmpge
 .text.__aeabi_llong_lmul
                0x000035ac       0x2e c:/nxp/lpcxpresso_7.4.0_229/lpcxpresso/tools/bin/../lib/gcc/arm-none-eabi/4.8.4/armv6-m\libcr_eabihelpers.a(llong.o)
                0x000035ac                __aeabi_lmul
 .text.__aeabi_memset_lowlevel
                0x000035da       0x2a c:/nxp/lpcxpresso_7.4.0_229/lpcxpresso/tools/bin/../lib/gcc/arm-none-eabi/4.8.4/armv6-m\libcr_eabihelpers.a(memcpy.o)
                0x000035da                __aeabi_lowlevel_memset
 .text.__sys_appexit
                0x00003604        0xc c:/nxp/lpcxpresso_7.4.0_229/lpcxpresso/tools/bin/../lib/gcc/arm-none-eabi/4.8.4/../../../../arm-none-eabi/lib/armv6-m\libcr_semihost.a(__sys_appexit.o)
                0x00003604                __sys_appexit
                0x00003604                __exit
 .text.__sys_close
                0x00003610        0xc c:/nxp/lpcxpresso_7.4.0_229/lpcxpresso/tools/bin/../lib/gcc/arm-none-eabi/4.8.4/../../../../arm-none-eabi/lib/armv6-m\libcr_semihost.a(__sys_close.o)
                0x00003610                __sys_close
 .text.__sys_flen
                0x0000361c        0xc c:/nxp/lpcxpresso_7.4.0_229/lpcxpresso/tools/bin/../lib/gcc/arm-none-eabi/4.8.4/../../../../arm-none-eabi/lib/armv6-m\libcr_semihost.a(__sys_flen.o)
                0x0000361c                __sys_flen
 .text.__sys_istty
                0x00003628        0xc c:/nxp/lpcxpresso_7.4.0_229/lpcxpresso/tools/bin/../lib/gcc/arm-none-eabi/4.8.4/../../../../arm-none-eabi/lib/armv6-m\libcr_semihost.a(__sys_istty.o)
                0x00003628                __sys_istty
 .text.__sys_remove
                0x00003634        0xc c:/nxp/lpcxpresso_7.4.0_229/lpcxpresso/tools/bin/../lib/gcc/arm-none-eabi/4.8.4/../../../../arm-none-eabi/lib/armv6-m\libcr_semihost.a(__sys_remove.o)
                0x00003634                __sys_remove
 .text.__sys_seek
                0x00003640        0xc c:/nxp/lpcxpresso_7.4.0_229/lpcxpresso/tools/bin/../lib/gcc/arm-none-eabi/4.8.4/../../../../arm-none-eabi/lib/armv6-m\libcr_semihost.a(__sys_seek.o)
                0x00003640                __sys_seek
 .text.__sys_tmpnam
                0x0000364c        0xc c:/nxp/lpcxpresso_7.4.0_229/lpcxpresso/tools/bin/../lib/gcc/arm-none-eabi/4.8.4/../../../../arm-none-eabi/lib/armv6-m\libcr_semihost.a(__sys_tmpnam.o)
                0x0000364c                __sys_tmpnam
 .text.__sys_write
                0x00003658        0xc c:/nxp/lpcxpresso_7.4.0_229/lpcxpresso/tools/bin/../lib/gcc/arm-none-eabi/4.8.4/../../../../arm-none-eabi/lib/armv6-m\libcr_semihost.a(__sys_write.o)
                0x00003658                __sys_write
                0x00003658                __write
 *(.rodata .rodata.* .constdata .constdata.*)
 .rodata.str1.4
                0x00003664       0x1c ./src/MyLPC812.o
 .rodata.PININT_Handler
                0x00003680       0x20 C:\Users\Hikaru\Documents\LPCXpresso_7.4.0_229\workspace3\lpc800_driver_lib\Debug\liblpc800_driver_lib.a(lpc8xx_gpio.o)
 .rodata.CSWTCH.10
                0x000036a0       0x3c C:\Users\Hikaru\Documents\LPCXpresso_7.4.0_229\workspace3\CMSIS_CORE_LPC8xx\Debug\libCMSIS_CORE_LPC8xx.a(system_LPC8xx.o)
 .rodata.str1.1
                0x000036dc       0x34 c:/nxp/lpcxpresso_7.4.0_229/lpcxpresso/tools/bin/../lib/gcc/arm-none-eabi/4.8.4/../../../../arm-none-eabi/lib/armv6-m\libcr_c.a(fpprintf.o)
                                 0x35 (size before relaxing)
 .rodata.str1.1
                0x00003710        0x4 c:/nxp/lpcxpresso_7.4.0_229/lpcxpresso/tools/bin/../lib/gcc/arm-none-eabi/4.8.4/../../../../arm-none-eabi/lib/armv6-m\libcr_c.a(initio.o)
 .rodata.str1.1
                0x00003714       0x31 c:/nxp/lpcxpresso_7.4.0_229/lpcxpresso/tools/bin/../lib/gcc/arm-none-eabi/4.8.4/../../../../arm-none-eabi/lib/armv6-m\libcr_c.a(printf.o)
                                 0x38 (size before relaxing)
 .rodata.str1.1
                0x00003745       0x18 c:/nxp/lpcxpresso_7.4.0_229/lpcxpresso/tools/bin/../lib/gcc/arm-none-eabi/4.8.4/../../../../arm-none-eabi/lib/armv6-m\libcr_c.a(alloc.o)
 *fill*         0x0000375d        0x3 
 .rodata.__huge_vall
                0x00003760        0x8 c:/nxp/lpcxpresso_7.4.0_229/lpcxpresso/tools/bin/../lib/gcc/arm-none-eabi/4.8.4/../../../../arm-none-eabi/lib/armv6-m\libcr_c.a(_hugeval.o)
                0x00003760                __huge_vall
                0x00003768                . = ALIGN (0x4)

.glue_7         0x00003768        0x0
 .glue_7        0x00000000        0x0 linker stubs

.glue_7t        0x00003768        0x0
 .glue_7t       0x00000000        0x0 linker stubs

.vfp11_veneer   0x00003768        0x0
 .vfp11_veneer  0x00000000        0x0 linker stubs

.v4_bx          0x00003768        0x0
 .v4_bx         0x00000000        0x0 linker stubs

.iplt           0x00003768        0x0
 .iplt          0x00000000        0x0 ./src/MyLPC812.o

.rel.dyn        0x00003768        0x0
 .rel.iplt      0x00000000        0x0 ./src/MyLPC812.o

.ARM.extab
 *(.ARM.extab* .gnu.linkonce.armextab.*)
                0x00003768                __exidx_start = .

.ARM.exidx
 *(.ARM.exidx* .gnu.linkonce.armexidx.*)
                0x00003768                __exidx_end = .
                0x00003768                _etext = .

.mtb_buffer_default
                0x10000000      0x100
 *(.mtb*)
 .mtb.$RAM1     0x10000000      0x100 ./src/mtb.o
                0x10000000                __mtb_buffer__

.uninit_RESERVED
                0x10000100        0x0
 *(.bss.$RESERVED*)
                0x10000100                . = ALIGN (0x4)
                0x10000100                _end_uninit_RESERVED = .

.data           0x10000100        0x8 load address 0x00003768
 FILL mask 0xff
                0x10000100                _data = .
 *(vtable)
 *(.ramfunc*)
 *(.data*)
 .data.UARTTxEmpty
                0x10000100        0x1 C:\Users\Hikaru\Documents\LPCXpresso_7.4.0_229\workspace3\lpc800_driver_lib\Debug\liblpc800_driver_lib.a(lpc8xx_uart.o)
                0x10000100                UARTTxEmpty
 *fill*         0x10000101        0x3 
 .data.SystemCoreClock
                0x10000104        0x4 C:\Users\Hikaru\Documents\LPCXpresso_7.4.0_229\workspace3\CMSIS_CORE_LPC8xx\Debug\libCMSIS_CORE_LPC8xx.a(system_LPC8xx.o)
                0x10000104                SystemCoreClock
                0x10000108                . = ALIGN (0x4)
                0x10000108                _edata = .

.igot.plt       0x10000108        0x0 load address 0x00003770
 .igot.plt      0x00000000        0x0 ./src/MyLPC812.o

.bss            0x10000108      0x3c0 load address 0x00003770
                0x10000108                _bss = .
 *(.bss*)
 .bss.ticker    0x10000108        0x4 ./src/MyLPC812.o
                0x10000108                ticker
 .bss.flex_int_falling_edge_counter
                0x1000010c       0x20 C:\Users\Hikaru\Documents\LPCXpresso_7.4.0_229\workspace3\lpc800_driver_lib\Debug\liblpc800_driver_lib.a(lpc8xx_gpio.o)
                0x1000010c                flex_int_falling_edge_counter
 .bss.flex_int_counter
                0x1000012c       0x20 C:\Users\Hikaru\Documents\LPCXpresso_7.4.0_229\workspace3\lpc800_driver_lib\Debug\liblpc800_driver_lib.a(lpc8xx_gpio.o)
                0x1000012c                flex_int_counter
 .bss.flex_int_rising_edge_counter
                0x1000014c       0x20 C:\Users\Hikaru\Documents\LPCXpresso_7.4.0_229\workspace3\lpc800_driver_lib\Debug\liblpc800_driver_lib.a(lpc8xx_gpio.o)
                0x1000014c                flex_int_rising_edge_counter
 .bss.flex_int_level_counter
                0x1000016c       0x20 C:\Users\Hikaru\Documents\LPCXpresso_7.4.0_229\workspace3\lpc800_driver_lib\Debug\liblpc800_driver_lib.a(lpc8xx_gpio.o)
                0x1000016c                flex_int_level_counter
 .bss.mstidle   0x1000018c        0x4 C:\Users\Hikaru\Documents\LPCXpresso_7.4.0_229\workspace3\lpc800_driver_lib\Debug\liblpc800_driver_lib.a(lpc8xx_i2c.o)
                0x1000018c                mstidle
 .bss.I2CInterruptCount
                0x10000190        0x4 C:\Users\Hikaru\Documents\LPCXpresso_7.4.0_229\workspace3\lpc800_driver_lib\Debug\liblpc800_driver_lib.a(lpc8xx_i2c.o)
                0x10000190                I2CInterruptCount
 .bss.I2CARBLossCount
                0x10000194        0x4 C:\Users\Hikaru\Documents\LPCXpresso_7.4.0_229\workspace3\lpc800_driver_lib\Debug\liblpc800_driver_lib.a(lpc8xx_i2c.o)
                0x10000194                I2CARBLossCount
 .bss.I2CSlvDeselectedCount
                0x10000198        0x4 C:\Users\Hikaru\Documents\LPCXpresso_7.4.0_229\workspace3\lpc800_driver_lib\Debug\liblpc800_driver_lib.a(lpc8xx_i2c.o)
                0x10000198                I2CSlvDeselectedCount
 .bss.I2CSlvTXCount
                0x1000019c        0x4 C:\Users\Hikaru\Documents\LPCXpresso_7.4.0_229\workspace3\lpc800_driver_lib\Debug\liblpc800_driver_lib.a(lpc8xx_i2c.o)
                0x1000019c                I2CSlvTXCount
 .bss.I2CMstIdleCount
                0x100001a0        0x4 C:\Users\Hikaru\Documents\LPCXpresso_7.4.0_229\workspace3\lpc800_driver_lib\Debug\liblpc800_driver_lib.a(lpc8xx_i2c.o)
                0x100001a0                I2CMstIdleCount
 .bss.slvtxrdy  0x100001a4        0x4 C:\Users\Hikaru\Documents\LPCXpresso_7.4.0_229\workspace3\lpc800_driver_lib\Debug\liblpc800_driver_lib.a(lpc8xx_i2c.o)
                0x100001a4                slvtxrdy
 .bss.I2CMstNACKTXCount
                0x100001a8        0x4 C:\Users\Hikaru\Documents\LPCXpresso_7.4.0_229\workspace3\lpc800_driver_lib\Debug\liblpc800_driver_lib.a(lpc8xx_i2c.o)
                0x100001a8                I2CMstNACKTXCount
 .bss.I2CSlvAddrCount
                0x100001ac        0x4 C:\Users\Hikaru\Documents\LPCXpresso_7.4.0_229\workspace3\lpc800_driver_lib\Debug\liblpc800_driver_lib.a(lpc8xx_i2c.o)
                0x100001ac                I2CSlvAddrCount
 .bss.I2CMstNACKAddrCount
                0x100001b0        0x4 C:\Users\Hikaru\Documents\LPCXpresso_7.4.0_229\workspace3\lpc800_driver_lib\Debug\liblpc800_driver_lib.a(lpc8xx_i2c.o)
                0x100001b0                I2CMstNACKAddrCount
 .bss.slvrxrdy  0x100001b4        0x4 C:\Users\Hikaru\Documents\LPCXpresso_7.4.0_229\workspace3\lpc800_driver_lib\Debug\liblpc800_driver_lib.a(lpc8xx_i2c.o)
                0x100001b4                slvrxrdy
 .bss.mstrxrdy  0x100001b8        0x4 C:\Users\Hikaru\Documents\LPCXpresso_7.4.0_229\workspace3\lpc800_driver_lib\Debug\liblpc800_driver_lib.a(lpc8xx_i2c.o)
                0x100001b8                mstrxrdy
 .bss.slvaddrrcvd
                0x100001bc        0x4 C:\Users\Hikaru\Documents\LPCXpresso_7.4.0_229\workspace3\lpc800_driver_lib\Debug\liblpc800_driver_lib.a(lpc8xx_i2c.o)
                0x100001bc                slvaddrrcvd
 .bss.I2CMstSSErrCount
                0x100001c0        0x4 C:\Users\Hikaru\Documents\LPCXpresso_7.4.0_229\workspace3\lpc800_driver_lib\Debug\liblpc800_driver_lib.a(lpc8xx_i2c.o)
                0x100001c0                I2CMstSSErrCount
 .bss.I2CSlvNotStrCount
                0x100001c4        0x4 C:\Users\Hikaru\Documents\LPCXpresso_7.4.0_229\workspace3\lpc800_driver_lib\Debug\liblpc800_driver_lib.a(lpc8xx_i2c.o)
                0x100001c4                I2CSlvNotStrCount
 .bss.msttxrdy  0x100001c8        0x4 C:\Users\Hikaru\Documents\LPCXpresso_7.4.0_229\workspace3\lpc800_driver_lib\Debug\liblpc800_driver_lib.a(lpc8xx_i2c.o)
                0x100001c8                msttxrdy
 .bss.I2CMstTXCount
                0x100001cc        0x4 C:\Users\Hikaru\Documents\LPCXpresso_7.4.0_229\workspace3\lpc800_driver_lib\Debug\liblpc800_driver_lib.a(lpc8xx_i2c.o)
                0x100001cc                I2CMstTXCount
 .bss.I2CMstRXCount
                0x100001d0        0x4 C:\Users\Hikaru\Documents\LPCXpresso_7.4.0_229\workspace3\lpc800_driver_lib\Debug\liblpc800_driver_lib.a(lpc8xx_i2c.o)
                0x100001d0                I2CMstRXCount
 .bss.I2CMonRXCount
                0x100001d4        0x4 C:\Users\Hikaru\Documents\LPCXpresso_7.4.0_229\workspace3\lpc800_driver_lib\Debug\liblpc800_driver_lib.a(lpc8xx_i2c.o)
                0x100001d4                I2CMonRXCount
 .bss.I2CSlvRXCount
                0x100001d8        0x4 C:\Users\Hikaru\Documents\LPCXpresso_7.4.0_229\workspace3\lpc800_driver_lib\Debug\liblpc800_driver_lib.a(lpc8xx_i2c.o)
                0x100001d8                I2CSlvRXCount
 .bss.UARTBlockReceived
                0x100001dc        0x4 C:\Users\Hikaru\Documents\LPCXpresso_7.4.0_229\workspace3\lpc800_driver_lib\Debug\liblpc800_driver_lib.a(lpc8xx_uart.o)
                0x100001dc                UARTBlockReceived
 .bss.UARTInterruptCount
                0x100001e0        0x4 C:\Users\Hikaru\Documents\LPCXpresso_7.4.0_229\workspace3\lpc800_driver_lib\Debug\liblpc800_driver_lib.a(lpc8xx_uart.o)
                0x100001e0                UARTInterruptCount
 .bss.UARTRxRdyCount
                0x100001e4        0x4 C:\Users\Hikaru\Documents\LPCXpresso_7.4.0_229\workspace3\lpc800_driver_lib\Debug\liblpc800_driver_lib.a(lpc8xx_uart.o)
                0x100001e4                UARTRxRdyCount
 .bss.AddrDetected
                0x100001e8        0x4 C:\Users\Hikaru\Documents\LPCXpresso_7.4.0_229\workspace3\lpc800_driver_lib\Debug\liblpc800_driver_lib.a(lpc8xx_uart.o)
                0x100001e8                AddrDetected
 .bss.UARTRxCount
                0x100001ec        0x4 C:\Users\Hikaru\Documents\LPCXpresso_7.4.0_229\workspace3\lpc800_driver_lib\Debug\liblpc800_driver_lib.a(lpc8xx_uart.o)
                0x100001ec                UARTRxCount
 .bss.errno     0x100001f0        0x4 c:/nxp/lpcxpresso_7.4.0_229/lpcxpresso/tools/bin/../lib/gcc/arm-none-eabi/4.8.4/../../../../arm-none-eabi/lib/armv6-m\libcr_c.a(errno.o)
                0x100001f0                errno
 *(COMMON)
 COMMON         0x100001f4      0x140 ./src/MyLPC812.o
                0x100001f4                I2CMonBuffer
                0x100002f4                I2CMasterRXBuffer
                0x10000304                I2CMasterTXBuffer
                0x10000314                I2CSlaveRXBuffer
                0x10000324                I2CSlaveTXBuffer
 COMMON         0x10000334        0x4 C:\Users\Hikaru\Documents\LPCXpresso_7.4.0_229\workspace3\lpc800_driver_lib\Debug\liblpc800_driver_lib.a(lpc8xx_i2c.o)
                0x10000334                I2CStatus
 COMMON         0x10000338       0x44 C:\Users\Hikaru\Documents\LPCXpresso_7.4.0_229\workspace3\lpc800_driver_lib\Debug\liblpc800_driver_lib.a(lpc8xx_uart.o)
                0x10000338                UARTRxBuffer
                0x10000358                UARTStatus
                0x1000035c                UARTTxBuffer
 COMMON         0x1000037c        0x4 c:/nxp/lpcxpresso_7.4.0_229/lpcxpresso/tools/bin/../lib/gcc/arm-none-eabi/4.8.4/../../../../arm-none-eabi/lib/armv6-m\libcr_c.a(initio.o)
                0x1000037c                _extra
 COMMON         0x10000380      0x140 c:/nxp/lpcxpresso_7.4.0_229/lpcxpresso/tools/bin/../lib/gcc/arm-none-eabi/4.8.4/../../../../arm-none-eabi/lib/armv6-m\libcr_c.a(stdio.o)
                0x10000380                __Ciob
 COMMON         0x100004c0        0x8 c:/nxp/lpcxpresso_7.4.0_229/lpcxpresso/tools/bin/../lib/gcc/arm-none-eabi/4.8.4/../../../../arm-none-eabi/lib/armv6-m\libcr_c.a(__init_alloc.o)
                0x100004c0                __heaps
                0x100004c4                __end_of_heap
                0x100004c8                . = ALIGN (0x4)
                0x100004c8                _ebss = .
                0x100004c8                PROVIDE (end, .)

.noinit         0x100004c8        0x0 load address 0x00003770
                0x100004c8                _noinit = .
 *(.noinit*)
                0x100004c8                . = ALIGN (0x4)
                0x100004c8                _end_noinit = .
                0x100004c8                PROVIDE (_pvHeapStart, DEFINED (__user_heap_base)?__user_heap_base:.)
                0x10001000                PROVIDE (_vStackTop, DEFINED (__user_stack_top)?__user_stack_top:(__top_RamLoc4 - 0x0))
OUTPUT(MyLPC812_Frequency_Checker.axf elf32-littlearm)

.debug_info     0x00000000     0x4711
 .debug_info    0x00000000     0x132a ./src/MyLPC812.o
 .debug_info    0x0000132a      0x23a ./src/cr_startup_lpc8xx.o
 .debug_info    0x00001564       0x3f ./src/crp.o
 .debug_info    0x000015a3       0x51 ./src/mtb.o
 .debug_info    0x000015f4      0x65a ./src/sct_fsm.o
 .debug_info    0x00001c4e      0xd0f C:\Users\Hikaru\Documents\LPCXpresso_7.4.0_229\workspace3\lpc800_driver_lib\Debug\liblpc800_driver_lib.a(lpc8xx_gpio.o)
 .debug_info    0x0000295d      0xd45 C:\Users\Hikaru\Documents\LPCXpresso_7.4.0_229\workspace3\lpc800_driver_lib\Debug\liblpc800_driver_lib.a(lpc8xx_i2c.o)
 .debug_info    0x000036a2      0xa48 C:\Users\Hikaru\Documents\LPCXpresso_7.4.0_229\workspace3\lpc800_driver_lib\Debug\liblpc800_driver_lib.a(lpc8xx_uart.o)
 .debug_info    0x000040ea      0x627 C:\Users\Hikaru\Documents\LPCXpresso_7.4.0_229\workspace3\CMSIS_CORE_LPC8xx\Debug\libCMSIS_CORE_LPC8xx.a(system_LPC8xx.o)

.debug_abbrev   0x00000000      0xd9b
 .debug_abbrev  0x00000000      0x31c ./src/MyLPC812.o
 .debug_abbrev  0x0000031c       0xe8 ./src/cr_startup_lpc8xx.o
 .debug_abbrev  0x00000404       0x36 ./src/crp.o
 .debug_abbrev  0x0000043a       0x41 ./src/mtb.o
 .debug_abbrev  0x0000047b      0x115 ./src/sct_fsm.o
 .debug_abbrev  0x00000590      0x229 C:\Users\Hikaru\Documents\LPCXpresso_7.4.0_229\workspace3\lpc800_driver_lib\Debug\liblpc800_driver_lib.a(lpc8xx_gpio.o)
 .debug_abbrev  0x000007b9      0x242 C:\Users\Hikaru\Documents\LPCXpresso_7.4.0_229\workspace3\lpc800_driver_lib\Debug\liblpc800_driver_lib.a(lpc8xx_i2c.o)
 .debug_abbrev  0x000009fb      0x22b C:\Users\Hikaru\Documents\LPCXpresso_7.4.0_229\workspace3\lpc800_driver_lib\Debug\liblpc800_driver_lib.a(lpc8xx_uart.o)
 .debug_abbrev  0x00000c26      0x175 C:\Users\Hikaru\Documents\LPCXpresso_7.4.0_229\workspace3\CMSIS_CORE_LPC8xx\Debug\libCMSIS_CORE_LPC8xx.a(system_LPC8xx.o)

.debug_loc      0x00000000     0x1056
 .debug_loc     0x00000000       0xee ./src/MyLPC812.o
 .debug_loc     0x000000ee      0x1cc ./src/cr_startup_lpc8xx.o
 .debug_loc     0x000002ba      0x537 C:\Users\Hikaru\Documents\LPCXpresso_7.4.0_229\workspace3\lpc800_driver_lib\Debug\liblpc800_driver_lib.a(lpc8xx_gpio.o)
 .debug_loc     0x000007f1      0x5fc C:\Users\Hikaru\Documents\LPCXpresso_7.4.0_229\workspace3\lpc800_driver_lib\Debug\liblpc800_driver_lib.a(lpc8xx_i2c.o)
 .debug_loc     0x00000ded      0x1f6 C:\Users\Hikaru\Documents\LPCXpresso_7.4.0_229\workspace3\lpc800_driver_lib\Debug\liblpc800_driver_lib.a(lpc8xx_uart.o)
 .debug_loc     0x00000fe3       0x73 C:\Users\Hikaru\Documents\LPCXpresso_7.4.0_229\workspace3\CMSIS_CORE_LPC8xx\Debug\libCMSIS_CORE_LPC8xx.a(system_LPC8xx.o)

.debug_aranges  0x00000000      0x2d0
 .debug_aranges
                0x00000000       0x58 ./src/MyLPC812.o
 .debug_aranges
                0x00000058       0x60 ./src/cr_startup_lpc8xx.o
 .debug_aranges
                0x000000b8       0x18 ./src/crp.o
 .debug_aranges
                0x000000d0       0x18 ./src/mtb.o
 .debug_aranges
                0x000000e8       0x20 ./src/sct_fsm.o
 .debug_aranges
                0x00000108       0xc8 C:\Users\Hikaru\Documents\LPCXpresso_7.4.0_229\workspace3\lpc800_driver_lib\Debug\liblpc800_driver_lib.a(lpc8xx_gpio.o)
 .debug_aranges
                0x000001d0       0x80 C:\Users\Hikaru\Documents\LPCXpresso_7.4.0_229\workspace3\lpc800_driver_lib\Debug\liblpc800_driver_lib.a(lpc8xx_i2c.o)
 .debug_aranges
                0x00000250       0x58 C:\Users\Hikaru\Documents\LPCXpresso_7.4.0_229\workspace3\lpc800_driver_lib\Debug\liblpc800_driver_lib.a(lpc8xx_uart.o)
 .debug_aranges
                0x000002a8       0x28 C:\Users\Hikaru\Documents\LPCXpresso_7.4.0_229\workspace3\CMSIS_CORE_LPC8xx\Debug\libCMSIS_CORE_LPC8xx.a(system_LPC8xx.o)

.debug_ranges   0x00000000      0x230
 .debug_ranges  0x00000000       0x48 ./src/MyLPC812.o
 .debug_ranges  0x00000048       0x50 ./src/cr_startup_lpc8xx.o
 .debug_ranges  0x00000098       0x10 ./src/sct_fsm.o
 .debug_ranges  0x000000a8       0xb8 C:\Users\Hikaru\Documents\LPCXpresso_7.4.0_229\workspace3\lpc800_driver_lib\Debug\liblpc800_driver_lib.a(lpc8xx_gpio.o)
 .debug_ranges  0x00000160       0x70 C:\Users\Hikaru\Documents\LPCXpresso_7.4.0_229\workspace3\lpc800_driver_lib\Debug\liblpc800_driver_lib.a(lpc8xx_i2c.o)
 .debug_ranges  0x000001d0       0x48 C:\Users\Hikaru\Documents\LPCXpresso_7.4.0_229\workspace3\lpc800_driver_lib\Debug\liblpc800_driver_lib.a(lpc8xx_uart.o)
 .debug_ranges  0x00000218       0x18 C:\Users\Hikaru\Documents\LPCXpresso_7.4.0_229\workspace3\CMSIS_CORE_LPC8xx\Debug\libCMSIS_CORE_LPC8xx.a(system_LPC8xx.o)

.debug_macro    0x00000000     0x2e1a
 .debug_macro   0x00000000      0x106 ./src/MyLPC812.o
 .debug_macro   0x00000106      0x82c ./src/MyLPC812.o
 .debug_macro   0x00000932       0x1c ./src/MyLPC812.o
 .debug_macro   0x0000094e       0x3a ./src/MyLPC812.o
 .debug_macro   0x00000988       0x10 ./src/MyLPC812.o
 .debug_macro   0x00000998      0x12d ./src/MyLPC812.o
 .debug_macro   0x00000ac5      0x5b2 ./src/MyLPC812.o
 .debug_macro   0x00001077       0x1f ./src/MyLPC812.o
 .debug_macro   0x00001096      0x242 ./src/MyLPC812.o
 .debug_macro   0x000012d8      0x146 ./src/MyLPC812.o
 .debug_macro   0x0000141e       0xa0 ./src/MyLPC812.o
 .debug_macro   0x000014be       0x82 ./src/MyLPC812.o
 .debug_macro   0x00001540       0x22 ./src/MyLPC812.o
 .debug_macro   0x00001562      0x124 ./src/MyLPC812.o
 .debug_macro   0x00001686      0x112 ./src/MyLPC812.o
 .debug_macro   0x00001798      0x14d ./src/MyLPC812.o
 .debug_macro   0x000018e5       0x94 ./src/MyLPC812.o
 .debug_macro   0x00001979       0x22 ./src/MyLPC812.o
 .debug_macro   0x0000199b       0x2e ./src/MyLPC812.o
 .debug_macro   0x000019c9       0x16 ./src/MyLPC812.o
 .debug_macro   0x000019df       0x1d ./src/cr_startup_lpc8xx.o
 .debug_macro   0x000019fc       0x1a ./src/crp.o
 .debug_macro   0x00001a16       0x34 ./src/crp.o
 .debug_macro   0x00001a4a       0x29 ./src/mtb.o
 .debug_macro   0x00001a73       0x10 ./src/mtb.o
 .debug_macro   0x00001a83       0x94 ./src/sct_fsm.o
 .debug_macro   0x00001b17       0x1c ./src/sct_fsm.o
 .debug_macro   0x00001b33       0x88 C:\Users\Hikaru\Documents\LPCXpresso_7.4.0_229\workspace3\lpc800_driver_lib\Debug\liblpc800_driver_lib.a(lpc8xx_gpio.o)
 .debug_macro   0x00001bbb      0x820 C:\Users\Hikaru\Documents\LPCXpresso_7.4.0_229\workspace3\lpc800_driver_lib\Debug\liblpc800_driver_lib.a(lpc8xx_gpio.o)
 .debug_macro   0x000023db       0x16 C:\Users\Hikaru\Documents\LPCXpresso_7.4.0_229\workspace3\lpc800_driver_lib\Debug\liblpc800_driver_lib.a(lpc8xx_gpio.o)
 .debug_macro   0x000023f1       0x88 C:\Users\Hikaru\Documents\LPCXpresso_7.4.0_229\workspace3\lpc800_driver_lib\Debug\liblpc800_driver_lib.a(lpc8xx_i2c.o)
 .debug_macro   0x00002479       0x88 C:\Users\Hikaru\Documents\LPCXpresso_7.4.0_229\workspace3\lpc800_driver_lib\Debug\liblpc800_driver_lib.a(lpc8xx_uart.o)
 .debug_macro   0x00002501       0xf9 C:\Users\Hikaru\Documents\LPCXpresso_7.4.0_229\workspace3\CMSIS_CORE_LPC8xx\Debug\libCMSIS_CORE_LPC8xx.a(system_LPC8xx.o)
 .debug_macro   0x000025fa      0x820 C:\Users\Hikaru\Documents\LPCXpresso_7.4.0_229\workspace3\CMSIS_CORE_LPC8xx\Debug\libCMSIS_CORE_LPC8xx.a(system_LPC8xx.o)

.debug_line     0x00000000     0x1620
 .debug_line    0x00000000      0x408 ./src/MyLPC812.o
 .debug_line    0x00000408       0xa6 ./src/cr_startup_lpc8xx.o
 .debug_line    0x000004ae       0x78 ./src/crp.o
 .debug_line    0x00000526       0x95 ./src/mtb.o
 .debug_line    0x000005bb      0x23f ./src/sct_fsm.o
 .debug_line    0x000007fa      0x408 C:\Users\Hikaru\Documents\LPCXpresso_7.4.0_229\workspace3\lpc800_driver_lib\Debug\liblpc800_driver_lib.a(lpc8xx_gpio.o)
 .debug_line    0x00000c02      0x4cb C:\Users\Hikaru\Documents\LPCXpresso_7.4.0_229\workspace3\lpc800_driver_lib\Debug\liblpc800_driver_lib.a(lpc8xx_i2c.o)
 .debug_line    0x000010cd      0x354 C:\Users\Hikaru\Documents\LPCXpresso_7.4.0_229\workspace3\lpc800_driver_lib\Debug\liblpc800_driver_lib.a(lpc8xx_uart.o)
 .debug_line    0x00001421      0x1ff C:\Users\Hikaru\Documents\LPCXpresso_7.4.0_229\workspace3\CMSIS_CORE_LPC8xx\Debug\libCMSIS_CORE_LPC8xx.a(system_LPC8xx.o)

.debug_str      0x00000000     0x8010
 .debug_str     0x00000000     0x7058 ./src/MyLPC812.o
                               0x7115 (size before relaxing)
 .debug_str     0x00007058      0x179 ./src/cr_startup_lpc8xx.o
                               0x24e1 (size before relaxing)
 .debug_str     0x000071d1       0xe9 ./src/crp.o
                               0x2432 (size before relaxing)
 .debug_str     0x000072ba       0xd0 ./src/mtb.o
                               0x2863 (size before relaxing)
 .debug_str     0x0000738a       0x11 ./src/sct_fsm.o
                               0x5566 (size before relaxing)
 .debug_str     0x0000739b      0x3db C:\Users\Hikaru\Documents\LPCXpresso_7.4.0_229\workspace3\lpc800_driver_lib\Debug\liblpc800_driver_lib.a(lpc8xx_gpio.o)
                               0x5b61 (size before relaxing)
 .debug_str     0x00007776      0x2eb C:\Users\Hikaru\Documents\LPCXpresso_7.4.0_229\workspace3\lpc800_driver_lib\Debug\liblpc800_driver_lib.a(lpc8xx_i2c.o)
                               0x5c10 (size before relaxing)
 .debug_str     0x00007a61      0x157 C:\Users\Hikaru\Documents\LPCXpresso_7.4.0_229\workspace3\lpc800_driver_lib\Debug\liblpc800_driver_lib.a(lpc8xx_uart.o)
                               0x5af8 (size before relaxing)
 .debug_str     0x00007bb8      0x458 C:\Users\Hikaru\Documents\LPCXpresso_7.4.0_229\workspace3\CMSIS_CORE_LPC8xx\Debug\libCMSIS_CORE_LPC8xx.a(system_LPC8xx.o)
                               0x56fe (size before relaxing)

.comment        0x00000000       0x70
 .comment       0x00000000       0x70 ./src/MyLPC812.o
                                 0x71 (size before relaxing)
 .comment       0x00000000       0x71 ./src/cr_startup_lpc8xx.o
 .comment       0x00000000       0x71 ./src/crp.o
 .comment       0x00000000       0x71 ./src/mtb.o
 .comment       0x00000000       0x71 ./src/sct_fsm.o
 .comment       0x00000000       0x71 C:\Users\Hikaru\Documents\LPCXpresso_7.4.0_229\workspace3\lpc800_driver_lib\Debug\liblpc800_driver_lib.a(lpc8xx_gpio.o)
 .comment       0x00000000       0x71 C:\Users\Hikaru\Documents\LPCXpresso_7.4.0_229\workspace3\lpc800_driver_lib\Debug\liblpc800_driver_lib.a(lpc8xx_i2c.o)
 .comment       0x00000000       0x71 C:\Users\Hikaru\Documents\LPCXpresso_7.4.0_229\workspace3\lpc800_driver_lib\Debug\liblpc800_driver_lib.a(lpc8xx_uart.o)
 .comment       0x00000000       0x71 C:\Users\Hikaru\Documents\LPCXpresso_7.4.0_229\workspace3\CMSIS_CORE_LPC8xx\Debug\libCMSIS_CORE_LPC8xx.a(system_LPC8xx.o)
 .comment       0x00000000       0x71 c:/nxp/lpcxpresso_7.4.0_229/lpcxpresso/tools/bin/../lib/gcc/arm-none-eabi/4.8.4/../../../../arm-none-eabi/lib/armv6-m\libcr_semihost.a(_cr__main.o)
 .comment       0x00000000       0x71 c:/nxp/lpcxpresso_7.4.0_229/lpcxpresso/tools/bin/../lib/gcc/arm-none-eabi/4.8.4/../../../../arm-none-eabi/lib/armv6-m\libcr_c.a(fpprintf.o)
 .comment       0x00000000       0x71 c:/nxp/lpcxpresso_7.4.0_229/lpcxpresso/tools/bin/../lib/gcc/arm-none-eabi/4.8.4/../../../../arm-none-eabi/lib/armv6-m\libcr_c.a(initio.o)
 .comment       0x00000000       0x71 c:/nxp/lpcxpresso_7.4.0_229/lpcxpresso/tools/bin/../lib/gcc/arm-none-eabi/4.8.4/../../../../arm-none-eabi/lib/armv6-m\libcr_c.a(printf.o)
 .comment       0x00000000       0x71 c:/nxp/lpcxpresso_7.4.0_229/lpcxpresso/tools/bin/../lib/gcc/arm-none-eabi/4.8.4/../../../../arm-none-eabi/lib/armv6-m\libcr_c.a(setvbuf.o)
 .comment       0x00000000       0x71 c:/nxp/lpcxpresso_7.4.0_229/lpcxpresso/tools/bin/../lib/gcc/arm-none-eabi/4.8.4/../../../../arm-none-eabi/lib/armv6-m\libcr_c.a(stdio.o)
 .comment       0x00000000       0x71 c:/nxp/lpcxpresso_7.4.0_229/lpcxpresso/tools/bin/../lib/gcc/arm-none-eabi/4.8.4/../../../../arm-none-eabi/lib/armv6-m\libcr_c.a(strlen.o)
 .comment       0x00000000       0x71 c:/nxp/lpcxpresso_7.4.0_229/lpcxpresso/tools/bin/../lib/gcc/arm-none-eabi/4.8.4/../../../../arm-none-eabi/lib/armv6-m\libcr_c.a(memset.o)
 .comment       0x00000000       0x71 c:/nxp/lpcxpresso_7.4.0_229/lpcxpresso/tools/bin/../lib/gcc/arm-none-eabi/4.8.4/../../../../arm-none-eabi/lib/armv6-m\libcr_c.a(_deferredlazyseek.o)
 .comment       0x00000000       0x71 c:/nxp/lpcxpresso_7.4.0_229/lpcxpresso/tools/bin/../lib/gcc/arm-none-eabi/4.8.4/../../../../arm-none-eabi/lib/armv6-m\libcr_c.a(_fdopen.o)
 .comment       0x00000000       0x71 c:/nxp/lpcxpresso_7.4.0_229/lpcxpresso/tools/bin/../lib/gcc/arm-none-eabi/4.8.4/../../../../arm-none-eabi/lib/armv6-m\libcr_c.a(_fflush.o)
 .comment       0x00000000       0x71 c:/nxp/lpcxpresso_7.4.0_229/lpcxpresso/tools/bin/../lib/gcc/arm-none-eabi/4.8.4/../../../../arm-none-eabi/lib/armv6-m\libcr_c.a(_frexpl.o)
 .comment       0x00000000       0x71 c:/nxp/lpcxpresso_7.4.0_229/lpcxpresso/tools/bin/../lib/gcc/arm-none-eabi/4.8.4/../../../../arm-none-eabi/lib/armv6-m\libcr_c.a(_ldexpl.o)
 .comment       0x00000000       0x71 c:/nxp/lpcxpresso_7.4.0_229/lpcxpresso/tools/bin/../lib/gcc/arm-none-eabi/4.8.4/../../../../arm-none-eabi/lib/armv6-m\libcr_c.a(_writebuf.o)
 .comment       0x00000000       0x71 c:/nxp/lpcxpresso_7.4.0_229/lpcxpresso/tools/bin/../lib/gcc/arm-none-eabi/4.8.4/../../../../arm-none-eabi/lib/armv6-m\libcr_c.a(alloc.o)
 .comment       0x00000000       0x71 c:/nxp/lpcxpresso_7.4.0_229/lpcxpresso/tools/bin/../lib/gcc/arm-none-eabi/4.8.4/../../../../arm-none-eabi/lib/armv6-m\libcr_c.a(errno.o)
 .comment       0x00000000       0x71 c:/nxp/lpcxpresso_7.4.0_229/lpcxpresso/tools/bin/../lib/gcc/arm-none-eabi/4.8.4/../../../../arm-none-eabi/lib/armv6-m\libcr_c.a(fclose.o)
 .comment       0x00000000       0x71 c:/nxp/lpcxpresso_7.4.0_229/lpcxpresso/tools/bin/../lib/gcc/arm-none-eabi/4.8.4/../../../../arm-none-eabi/lib/armv6-m\libcr_c.a(fflush.o)
 .comment       0x00000000       0x71 c:/nxp/lpcxpresso_7.4.0_229/lpcxpresso/tools/bin/../lib/gcc/arm-none-eabi/4.8.4/../../../../arm-none-eabi/lib/armv6-m\libcr_c.a(fseek.o)
 .comment       0x00000000       0x71 c:/nxp/lpcxpresso_7.4.0_229/lpcxpresso/tools/bin/../lib/gcc/arm-none-eabi/4.8.4/../../../../arm-none-eabi/lib/armv6-m\libcr_c.a(ftell.o)
 .comment       0x00000000       0x71 c:/nxp/lpcxpresso_7.4.0_229/lpcxpresso/tools/bin/../lib/gcc/arm-none-eabi/4.8.4/../../../../arm-none-eabi/lib/armv6-m\libcr_c.a(remove.o)
 .comment       0x00000000       0x71 c:/nxp/lpcxpresso_7.4.0_229/lpcxpresso/tools/bin/../lib/gcc/arm-none-eabi/4.8.4/../../../../arm-none-eabi/lib/armv6-m\libcr_c.a(__init_alloc.o)
 .comment       0x00000000       0x71 c:/nxp/lpcxpresso_7.4.0_229/lpcxpresso/tools/bin/../lib/gcc/arm-none-eabi/4.8.4/../../../../arm-none-eabi/lib/armv6-m\libcr_c.a(_cr_sbrk.o)
 .comment       0x00000000       0x71 c:/nxp/lpcxpresso_7.4.0_229/lpcxpresso/tools/bin/../lib/gcc/arm-none-eabi/4.8.4/../../../../arm-none-eabi/lib/armv6-m\libcr_c.a(_do_fflush.o)
 .comment       0x00000000       0x71 c:/nxp/lpcxpresso_7.4.0_229/lpcxpresso/tools/bin/../lib/gcc/arm-none-eabi/4.8.4/../../../../arm-none-eabi/lib/armv6-m\libcr_c.a(_hugeval.o)
 .comment       0x00000000       0x71 c:/nxp/lpcxpresso_7.4.0_229/lpcxpresso/tools/bin/../lib/gcc/arm-none-eabi/4.8.4/../../../../arm-none-eabi/lib/armv6-m\libcr_c.a(_cr_check_heap.o)
 .comment       0x00000000       0x71 c:/nxp/lpcxpresso_7.4.0_229/lpcxpresso/tools/bin/../lib/gcc/arm-none-eabi/4.8.4/armv6-m\libcr_eabihelpers.a(double.o)

.ARM.attributes
                0x00000000       0x2f
 .ARM.attributes
                0x00000000       0x31 ./src/MyLPC812.o
 .ARM.attributes
                0x00000031       0x31 ./src/cr_startup_lpc8xx.o
 .ARM.attributes
                0x00000062       0x31 ./src/crp.o
 .ARM.attributes
                0x00000093       0x31 ./src/mtb.o
 .ARM.attributes
                0x000000c4       0x31 ./src/sct_fsm.o
 .ARM.attributes
                0x000000f5       0x31 C:\Users\Hikaru\Documents\LPCXpresso_7.4.0_229\workspace3\lpc800_driver_lib\Debug\liblpc800_driver_lib.a(lpc8xx_gpio.o)
 .ARM.attributes
                0x00000126       0x31 C:\Users\Hikaru\Documents\LPCXpresso_7.4.0_229\workspace3\lpc800_driver_lib\Debug\liblpc800_driver_lib.a(lpc8xx_i2c.o)
 .ARM.attributes
                0x00000157       0x31 C:\Users\Hikaru\Documents\LPCXpresso_7.4.0_229\workspace3\lpc800_driver_lib\Debug\liblpc800_driver_lib.a(lpc8xx_uart.o)
 .ARM.attributes
                0x00000188       0x31 C:\Users\Hikaru\Documents\LPCXpresso_7.4.0_229\workspace3\CMSIS_CORE_LPC8xx\Debug\libCMSIS_CORE_LPC8xx.a(system_LPC8xx.o)
 .ARM.attributes
                0x000001b9       0x31 c:/nxp/lpcxpresso_7.4.0_229/lpcxpresso/tools/bin/../lib/gcc/arm-none-eabi/4.8.4/../../../../arm-none-eabi/lib/armv6-m\libcr_semihost.a(_cr__main.o)
 .ARM.attributes
                0x000001ea       0x31 c:/nxp/lpcxpresso_7.4.0_229/lpcxpresso/tools/bin/../lib/gcc/arm-none-eabi/4.8.4/../../../../arm-none-eabi/lib/armv6-m\libcr_c.a(fpprintf.o)
 .ARM.attributes
                0x0000021b       0x31 c:/nxp/lpcxpresso_7.4.0_229/lpcxpresso/tools/bin/../lib/gcc/arm-none-eabi/4.8.4/../../../../arm-none-eabi/lib/armv6-m\libcr_c.a(initio.o)
 .ARM.attributes
                0x0000024c       0x31 c:/nxp/lpcxpresso_7.4.0_229/lpcxpresso/tools/bin/../lib/gcc/arm-none-eabi/4.8.4/../../../../arm-none-eabi/lib/armv6-m\libcr_c.a(printf.o)
 .ARM.attributes
                0x0000027d       0x31 c:/nxp/lpcxpresso_7.4.0_229/lpcxpresso/tools/bin/../lib/gcc/arm-none-eabi/4.8.4/../../../../arm-none-eabi/lib/armv6-m\libcr_c.a(setvbuf.o)
 .ARM.attributes
                0x000002ae       0x31 c:/nxp/lpcxpresso_7.4.0_229/lpcxpresso/tools/bin/../lib/gcc/arm-none-eabi/4.8.4/../../../../arm-none-eabi/lib/armv6-m\libcr_c.a(stdio.o)
 .ARM.attributes
                0x000002df       0x31 c:/nxp/lpcxpresso_7.4.0_229/lpcxpresso/tools/bin/../lib/gcc/arm-none-eabi/4.8.4/../../../../arm-none-eabi/lib/armv6-m\libcr_c.a(strlen.o)
 .ARM.attributes
                0x00000310       0x31 c:/nxp/lpcxpresso_7.4.0_229/lpcxpresso/tools/bin/../lib/gcc/arm-none-eabi/4.8.4/../../../../arm-none-eabi/lib/armv6-m\libcr_c.a(memset.o)
 .ARM.attributes
                0x00000341       0x31 c:/nxp/lpcxpresso_7.4.0_229/lpcxpresso/tools/bin/../lib/gcc/arm-none-eabi/4.8.4/../../../../arm-none-eabi/lib/armv6-m\libcr_c.a(_deferredlazyseek.o)
 .ARM.attributes
                0x00000372       0x31 c:/nxp/lpcxpresso_7.4.0_229/lpcxpresso/tools/bin/../lib/gcc/arm-none-eabi/4.8.4/../../../../arm-none-eabi/lib/armv6-m\libcr_c.a(_fdopen.o)
 .ARM.attributes
                0x000003a3       0x31 c:/nxp/lpcxpresso_7.4.0_229/lpcxpresso/tools/bin/../lib/gcc/arm-none-eabi/4.8.4/../../../../arm-none-eabi/lib/armv6-m\libcr_c.a(_fflush.o)
 .ARM.attributes
                0x000003d4       0x31 c:/nxp/lpcxpresso_7.4.0_229/lpcxpresso/tools/bin/../lib/gcc/arm-none-eabi/4.8.4/../../../../arm-none-eabi/lib/armv6-m\libcr_c.a(_frexpl.o)
 .ARM.attributes
                0x00000405       0x31 c:/nxp/lpcxpresso_7.4.0_229/lpcxpresso/tools/bin/../lib/gcc/arm-none-eabi/4.8.4/../../../../arm-none-eabi/lib/armv6-m\libcr_c.a(_ldexpl.o)
 .ARM.attributes
                0x00000436       0x31 c:/nxp/lpcxpresso_7.4.0_229/lpcxpresso/tools/bin/../lib/gcc/arm-none-eabi/4.8.4/../../../../arm-none-eabi/lib/armv6-m\libcr_c.a(_writebuf.o)
 .ARM.attributes
                0x00000467       0x31 c:/nxp/lpcxpresso_7.4.0_229/lpcxpresso/tools/bin/../lib/gcc/arm-none-eabi/4.8.4/../../../../arm-none-eabi/lib/armv6-m\libcr_c.a(alloc.o)
 .ARM.attributes
                0x00000498       0x31 c:/nxp/lpcxpresso_7.4.0_229/lpcxpresso/tools/bin/../lib/gcc/arm-none-eabi/4.8.4/../../../../arm-none-eabi/lib/armv6-m\libcr_c.a(errno.o)
 .ARM.attributes
                0x000004c9       0x31 c:/nxp/lpcxpresso_7.4.0_229/lpcxpresso/tools/bin/../lib/gcc/arm-none-eabi/4.8.4/../../../../arm-none-eabi/lib/armv6-m\libcr_c.a(fclose.o)
 .ARM.attributes
                0x000004fa       0x31 c:/nxp/lpcxpresso_7.4.0_229/lpcxpresso/tools/bin/../lib/gcc/arm-none-eabi/4.8.4/../../../../arm-none-eabi/lib/armv6-m\libcr_c.a(fflush.o)
 .ARM.attributes
                0x0000052b       0x31 c:/nxp/lpcxpresso_7.4.0_229/lpcxpresso/tools/bin/../lib/gcc/arm-none-eabi/4.8.4/../../../../arm-none-eabi/lib/armv6-m\libcr_c.a(fseek.o)
 .ARM.attributes
                0x0000055c       0x31 c:/nxp/lpcxpresso_7.4.0_229/lpcxpresso/tools/bin/../lib/gcc/arm-none-eabi/4.8.4/../../../../arm-none-eabi/lib/armv6-m\libcr_c.a(ftell.o)
 .ARM.attributes
                0x0000058d       0x31 c:/nxp/lpcxpresso_7.4.0_229/lpcxpresso/tools/bin/../lib/gcc/arm-none-eabi/4.8.4/../../../../arm-none-eabi/lib/armv6-m\libcr_c.a(remove.o)
 .ARM.attributes
                0x000005be       0x31 c:/nxp/lpcxpresso_7.4.0_229/lpcxpresso/tools/bin/../lib/gcc/arm-none-eabi/4.8.4/../../../../arm-none-eabi/lib/armv6-m\libcr_c.a(__init_alloc.o)
 .ARM.attributes
                0x000005ef       0x31 c:/nxp/lpcxpresso_7.4.0_229/lpcxpresso/tools/bin/../lib/gcc/arm-none-eabi/4.8.4/../../../../arm-none-eabi/lib/armv6-m\libcr_c.a(_cr_sbrk.o)
 .ARM.attributes
                0x00000620       0x31 c:/nxp/lpcxpresso_7.4.0_229/lpcxpresso/tools/bin/../lib/gcc/arm-none-eabi/4.8.4/../../../../arm-none-eabi/lib/armv6-m\libcr_c.a(_do_fflush.o)
 .ARM.attributes
                0x00000651       0x31 c:/nxp/lpcxpresso_7.4.0_229/lpcxpresso/tools/bin/../lib/gcc/arm-none-eabi/4.8.4/../../../../arm-none-eabi/lib/armv6-m\libcr_c.a(_hugeval.o)
 .ARM.attributes
                0x00000682       0x31 c:/nxp/lpcxpresso_7.4.0_229/lpcxpresso/tools/bin/../lib/gcc/arm-none-eabi/4.8.4/../../../../arm-none-eabi/lib/armv6-m\libcr_c.a(_cr_check_heap.o)
 .ARM.attributes
                0x000006b3       0x21 c:/nxp/lpcxpresso_7.4.0_229/lpcxpresso/tools/bin/../lib/gcc/arm-none-eabi/4.8.4/armv6-m\libcr_eabihelpers.a(division_32.o)
 .ARM.attributes
                0x000006d4       0x21 c:/nxp/lpcxpresso_7.4.0_229/lpcxpresso/tools/bin/../lib/gcc/arm-none-eabi/4.8.4/armv6-m\libcr_eabihelpers.a(division_idiv0.o)
 .ARM.attributes
                0x000006f5       0x31 c:/nxp/lpcxpresso_7.4.0_229/lpcxpresso/tools/bin/../lib/gcc/arm-none-eabi/4.8.4/armv6-m\libcr_eabihelpers.a(double.o)
 .ARM.attributes
                0x00000726       0x21 c:/nxp/lpcxpresso_7.4.0_229/lpcxpresso/tools/bin/../lib/gcc/arm-none-eabi/4.8.4/armv6-m\libcr_eabihelpers.a(llong.o)
 .ARM.attributes
                0x00000747       0x21 c:/nxp/lpcxpresso_7.4.0_229/lpcxpresso/tools/bin/../lib/gcc/arm-none-eabi/4.8.4/armv6-m\libcr_eabihelpers.a(memcpy.o)
 .ARM.attributes
                0x00000768       0x21 c:/nxp/lpcxpresso_7.4.0_229/lpcxpresso/tools/bin/../lib/gcc/arm-none-eabi/4.8.4/../../../../arm-none-eabi/lib/armv6-m\libcr_semihost.a(__sys_appexit.o)
 .ARM.attributes
                0x00000789       0x21 c:/nxp/lpcxpresso_7.4.0_229/lpcxpresso/tools/bin/../lib/gcc/arm-none-eabi/4.8.4/../../../../arm-none-eabi/lib/armv6-m\libcr_semihost.a(__sys_close.o)
 .ARM.attributes
                0x000007aa       0x21 c:/nxp/lpcxpresso_7.4.0_229/lpcxpresso/tools/bin/../lib/gcc/arm-none-eabi/4.8.4/../../../../arm-none-eabi/lib/armv6-m\libcr_semihost.a(__sys_flen.o)
 .ARM.attributes
                0x000007cb       0x21 c:/nxp/lpcxpresso_7.4.0_229/lpcxpresso/tools/bin/../lib/gcc/arm-none-eabi/4.8.4/../../../../arm-none-eabi/lib/armv6-m\libcr_semihost.a(__sys_istty.o)
 .ARM.attributes
                0x000007ec       0x21 c:/nxp/lpcxpresso_7.4.0_229/lpcxpresso/tools/bin/../lib/gcc/arm-none-eabi/4.8.4/../../../../arm-none-eabi/lib/armv6-m\libcr_semihost.a(__sys_remove.o)
 .ARM.attributes
                0x0000080d       0x21 c:/nxp/lpcxpresso_7.4.0_229/lpcxpresso/tools/bin/../lib/gcc/arm-none-eabi/4.8.4/../../../../arm-none-eabi/lib/armv6-m\libcr_semihost.a(__sys_seek.o)
 .ARM.attributes
                0x0000082e       0x21 c:/nxp/lpcxpresso_7.4.0_229/lpcxpresso/tools/bin/../lib/gcc/arm-none-eabi/4.8.4/../../../../arm-none-eabi/lib/armv6-m\libcr_semihost.a(__sys_tmpnam.o)
 .ARM.attributes
                0x0000084f       0x21 c:/nxp/lpcxpresso_7.4.0_229/lpcxpresso/tools/bin/../lib/gcc/arm-none-eabi/4.8.4/../../../../arm-none-eabi/lib/armv6-m\libcr_semihost.a(__sys_write.o)

.debug_frame    0x00000000      0x658
 .debug_frame   0x00000000       0xd0 ./src/MyLPC812.o
 .debug_frame   0x000000d0       0xb4 ./src/cr_startup_lpc8xx.o
 .debug_frame   0x00000184       0x28 ./src/sct_fsm.o
 .debug_frame   0x000001ac      0x1e0 C:\Users\Hikaru\Documents\LPCXpresso_7.4.0_229\workspace3\lpc800_driver_lib\Debug\liblpc800_driver_lib.a(lpc8xx_gpio.o)
 .debug_frame   0x0000038c      0x194 C:\Users\Hikaru\Documents\LPCXpresso_7.4.0_229\workspace3\lpc800_driver_lib\Debug\liblpc800_driver_lib.a(lpc8xx_i2c.o)
 .debug_frame   0x00000520       0xf0 C:\Users\Hikaru\Documents\LPCXpresso_7.4.0_229\workspace3\lpc800_driver_lib\Debug\liblpc800_driver_lib.a(lpc8xx_uart.o)
 .debug_frame   0x00000610       0x48 C:\Users\Hikaru\Documents\LPCXpresso_7.4.0_229\workspace3\CMSIS_CORE_LPC8xx\Debug\libCMSIS_CORE_LPC8xx.a(system_LPC8xx.o)
