Archive member included because of file (symbol)

C:\Users\Hikaru\Documents\LPCXpresso_7.4.0_229\workspace3\lpc800_driver_lib\Debug\liblpc800_driver_lib.a(lpc8xx_gpio.o)
                              ./src/MyLPC812.o (GPIOSetBitValue)
C:\Users\Hikaru\Documents\LPCXpresso_7.4.0_229\workspace3\lpc800_driver_lib\Debug\liblpc800_driver_lib.a(lpc8xx_i2c.o)
                              ./src/MyLPC812.o (I2C_MstInit)
C:\Users\Hikaru\Documents\LPCXpresso_7.4.0_229\workspace3\lpc800_driver_lib\Debug\liblpc800_driver_lib.a(lpc8xx_uart.o)
                              ./src/MyLPC812.o (UARTInit)
C:\Users\Hikaru\Documents\LPCXpresso_7.4.0_229\workspace3\CMSIS_CORE_LPC8xx\Debug\libCMSIS_CORE_LPC8xx.a(system_LPC8xx.o)
                              ./src/MyLPC812.o (SystemCoreClockUpdate)
c:/nxp/lpcxpresso_7.4.0_229/lpcxpresso/tools/bin/../lib/gcc/arm-none-eabi/4.8.4/../../../../arm-none-eabi/lib/armv6-m\libcr_semihost.a(_cr__main.o)
                              ./src/cr_startup_lpc8xx.o (__main)
c:/nxp/lpcxpresso_7.4.0_229/lpcxpresso/tools/bin/../lib/gcc/arm-none-eabi/4.8.4/../../../../arm-none-eabi/lib/armv6-m\libcr_c.a(fpprintf.o)
                              ./src/MyLPC812.o (sprintf)
c:/nxp/lpcxpresso_7.4.0_229/lpcxpresso/tools/bin/../lib/gcc/arm-none-eabi/4.8.4/../../../../arm-none-eabi/lib/armv6-m\libcr_c.a(initio.o)
                              c:/nxp/lpcxpresso_7.4.0_229/lpcxpresso/tools/bin/../lib/gcc/arm-none-eabi/4.8.4/../../../../arm-none-eabi/lib/armv6-m\libcr_semihost.a(_cr__main.o) (_initio)
c:/nxp/lpcxpresso_7.4.0_229/lpcxpresso/tools/bin/../lib/gcc/arm-none-eabi/4.8.4/../../../../arm-none-eabi/lib/armv6-m\libcr_c.a(printf.o)
                              c:/nxp/lpcxpresso_7.4.0_229/lpcxpresso/tools/bin/../lib/gcc/arm-none-eabi/4.8.4/../../../../arm-none-eabi/lib/armv6-m\libcr_c.a(fpprintf.o) (__vfprintf)
c:/nxp/lpcxpresso_7.4.0_229/lpcxpresso/tools/bin/../lib/gcc/arm-none-eabi/4.8.4/../../../../arm-none-eabi/lib/armv6-m\libcr_c.a(setvbuf.o)
                              c:/nxp/lpcxpresso_7.4.0_229/lpcxpresso/tools/bin/../lib/gcc/arm-none-eabi/4.8.4/../../../../arm-none-eabi/lib/armv6-m\libcr_c.a(initio.o) (setvbuf)
c:/nxp/lpcxpresso_7.4.0_229/lpcxpresso/tools/bin/../lib/gcc/arm-none-eabi/4.8.4/../../../../arm-none-eabi/lib/armv6-m\libcr_c.a(stdio.o)
                              c:/nxp/lpcxpresso_7.4.0_229/lpcxpresso/tools/bin/../lib/gcc/arm-none-eabi/4.8.4/../../../../arm-none-eabi/lib/armv6-m\libcr_c.a(fpprintf.o) (__Ciob)
c:/nxp/lpcxpresso_7.4.0_229/lpcxpresso/tools/bin/../lib/gcc/arm-none-eabi/4.8.4/../../../../arm-none-eabi/lib/armv6-m\libcr_c.a(strlen.o)
                              c:/nxp/lpcxpresso_7.4.0_229/lpcxpresso/tools/bin/../lib/gcc/arm-none-eabi/4.8.4/../../../../arm-none-eabi/lib/armv6-m\libcr_c.a(printf.o) (strlen)
c:/nxp/lpcxpresso_7.4.0_229/lpcxpresso/tools/bin/../lib/gcc/arm-none-eabi/4.8.4/../../../../arm-none-eabi/lib/armv6-m\libcr_c.a(memset.o)
                              c:/nxp/lpcxpresso_7.4.0_229/lpcxpresso/tools/bin/../lib/gcc/arm-none-eabi/4.8.4/../../../../arm-none-eabi/lib/armv6-m\libcr_c.a(fpprintf.o) (memset)
c:/nxp/lpcxpresso_7.4.0_229/lpcxpresso/tools/bin/../lib/gcc/arm-none-eabi/4.8.4/../../../../arm-none-eabi/lib/armv6-m\libcr_c.a(__fillbuf.o)
                              c:/nxp/lpcxpresso_7.4.0_229/lpcxpresso/tools/bin/../lib/gcc/arm-none-eabi/4.8.4/../../../../arm-none-eabi/lib/armv6-m\libcr_c.a(stdio.o) (__filbuf)
c:/nxp/lpcxpresso_7.4.0_229/lpcxpresso/tools/bin/../lib/gcc/arm-none-eabi/4.8.4/../../../../arm-none-eabi/lib/armv6-m\libcr_c.a(_deferredlazyseek.o)
                              c:/nxp/lpcxpresso_7.4.0_229/lpcxpresso/tools/bin/../lib/gcc/arm-none-eabi/4.8.4/../../../../arm-none-eabi/lib/armv6-m\libcr_c.a(__fillbuf.o) (_deferredlazyseek)
c:/nxp/lpcxpresso_7.4.0_229/lpcxpresso/tools/bin/../lib/gcc/arm-none-eabi/4.8.4/../../../../arm-none-eabi/lib/armv6-m\libcr_c.a(_fdopen.o)
                              c:/nxp/lpcxpresso_7.4.0_229/lpcxpresso/tools/bin/../lib/gcc/arm-none-eabi/4.8.4/../../../../arm-none-eabi/lib/armv6-m\libcr_c.a(initio.o) (_fdopen)
c:/nxp/lpcxpresso_7.4.0_229/lpcxpresso/tools/bin/../lib/gcc/arm-none-eabi/4.8.4/../../../../arm-none-eabi/lib/armv6-m\libcr_c.a(_fflush.o)
                              c:/nxp/lpcxpresso_7.4.0_229/lpcxpresso/tools/bin/../lib/gcc/arm-none-eabi/4.8.4/../../../../arm-none-eabi/lib/armv6-m\libcr_c.a(__fillbuf.o) (_fflush)
c:/nxp/lpcxpresso_7.4.0_229/lpcxpresso/tools/bin/../lib/gcc/arm-none-eabi/4.8.4/../../../../arm-none-eabi/lib/armv6-m\libcr_c.a(_frexpl.o)
                              c:/nxp/lpcxpresso_7.4.0_229/lpcxpresso/tools/bin/../lib/gcc/arm-none-eabi/4.8.4/../../../../arm-none-eabi/lib/armv6-m\libcr_c.a(fpprintf.o) (_frexpl)
c:/nxp/lpcxpresso_7.4.0_229/lpcxpresso/tools/bin/../lib/gcc/arm-none-eabi/4.8.4/../../../../arm-none-eabi/lib/armv6-m\libcr_c.a(_ldexpl.o)
[...]
Memory Configuration

Name             Origin             Length             Attributes
MFlash16         0x00000000         0x00004000         xr
RamLoc4          0x10000000         0x00001000         xrw
*default*        0x00000000         0xffffffff

Linker script and memory map

LOAD ./src/MyLPC812.o
LOAD ./src/cr_startup_lpc8xx.o
LOAD ./src/crp.o
LOAD ./src/mtb.o
LOAD C:\Users\Hikaru\Documents\LPCXpresso_7.4.0_229\workspace3\lpc800_driver_lib\Debug\liblpc800_driver_lib.a
LOAD C:\Users\Hikaru\Documents\LPCXpresso_7.4.0_229\workspace3\CMSIS_CORE_LPC8xx\Debug\libCMSIS_CORE_LPC8xx.a
LOAD C:\Users\Hikaru\Documents\LPCXpresso_7.4.0_229\workspace3\CMSIS_DSPLIB_CM0\lib\libCMSIS_DSPLIB_CM0.a
START GROUP
LOAD c:/nxp/lpcxpresso_7.4.0_229/lpcxpresso/tools/bin/../lib/gcc/arm-none-eabi/4.8.4/../../../../arm-none-eabi/lib/armv6-m\libcr_semihost.a
LOAD c:/nxp/lpcxpresso_7.4.0_229/lpcxpresso/tools/bin/../lib/gcc/arm-none-eabi/4.8.4/../../../../arm-none-eabi/lib/armv6-m\libcr_c.a
LOAD c:/nxp/lpcxpresso_7.4.0_229/lpcxpresso/tools/bin/../lib/gcc/arm-none-eabi/4.8.4/armv6-m\libcr_eabihelpers.a
END GROUP
                0x00004000                __top_MFlash16 = 0x4000
                0x10001000                __top_RamLoc4 = 0x10001000

.text           0x00000000     0x3c00
 FILL mask 0xff
                0x00000000                __vectors_start__ = ABSOLUTE (.)
 *(.isr_vector)
 .isr_vector    0x00000000       0xc0 ./src/cr_startup_lpc8xx.o
                0x00000000                g_pfnVectors
                0x000000c0                . = ALIGN (0x4)
                0x000000c0                __section_table_start = .
                0x000000c0                __data_section_table = .
                0x000000c0        0x4 LONG 0x3c00 LOADADDR (.data)
                0x000000c4        0x4 LONG 0x10000100 ADDR (.data)
                0x000000c8        0x4 LONG 0x8 SIZEOF (.data)
                0x000000cc                __data_section_table_end = .
                0x000000cc                __bss_section_table = .
                0x000000cc        0x4 LONG 0x10000108 ADDR (.bss)
                0x000000d0        0x4 LONG 0x3d0 SIZEOF (.bss)
                0x000000d4                __bss_section_table_end = .
                0x000000d4                __section_table_end = .
 *(.after_vectors*)
 .after_vectors
                0x000000d4       0x90 ./src/cr_startup_lpc8xx.o
                0x000000d4                NMI_Handler
                0x000000d8                HardFault_Handler
                0x000000dc                SVC_Handler
                0x000000e0                PendSV_Handler
                0x000000e8                WKT_IRQHandler
                0x000000e8                MRT_IRQHandler
                0x000000e8                SPI0_IRQHandler
                0x000000e8                SPI1_IRQHandler
                0x000000e8                IntDefaultHandler
                0x000000e8                CMP_IRQHandler
                0x000000e8                PININT3_IRQHandler
                0x000000e8                BOD_IRQHandler
                0x000000e8                SCT_IRQHandler
                0x000000e8                WDT_IRQHandler
                0x000000ec                data_init
                0x00000104                bss_init
                0x00000118                ResetISR
                0x000002fc                . = 0x2fc
 *fill*         0x00000164      0x198 ff
                0x000002fc                PROVIDE (__CRP_WORD_START__, .)
 *(.crp)
 .crp           0x000002fc        0x4 ./src/crp.o
                0x000002fc                CRP_WORD
                0x00000300                PROVIDE (__CRP_WORD_END__, .)
                0x00000001                ASSERT (! ((__CRP_WORD_START__ == __CRP_WORD_END__)), Linker CRP Enabled, but no CRP_WORD provided within application)
 *(.text*)
 .text.SwitchMatrix_Init
                0x00000300       0x38 ./src/MyLPC812.o
                0x00000300                SwitchMatrix_Init
 .text.Init_I2C
                0x00000338       0x60 ./src/MyLPC812.o
                0x00000338                Init_I2C
 .text.Init_UART
                0x00000398       0x24 ./src/MyLPC812.o
                0x00000398                Init_UART
 .text.UARTSend_str
                0x000003bc       0x14 ./src/MyLPC812.o
                0x000003bc                UARTSend_str
 .text.Init_GPIO
                0x000003d0       0x70 ./src/MyLPC812.o
                0x000003d0                Init_GPIO
 .text.SysTick_Handler
                0x00000440       0x1c ./src/MyLPC812.o
                0x00000440                SysTick_Handler
 .text.main     0x0000045c      0x264 ./src/MyLPC812.o
                0x0000045c                main
 .text.PININT_Handler
                0x000006c0      0x100 C:\Users\Hikaru\Documents\LPCXpresso_7.4.0_229\workspace3\lpc800_driver_lib\Debug\liblpc800_driver_lib.a(lpc8xx_gpio.o)
                0x000006c0                PININT_Handler
 .text.PININT0_IRQHandler
                0x000007c0        0xc C:\Users\Hikaru\Documents\LPCXpresso_7.4.0_229\workspace3\lpc800_driver_lib\Debug\liblpc800_driver_lib.a(lpc8xx_gpio.o)
                0x000007c0                PININT0_IRQHandler
 .text.PININT1_IRQHandler
                0x000007cc        0xc C:\Users\Hikaru\Documents\LPCXpresso_7.4.0_229\workspace3\lpc800_driver_lib\Debug\liblpc800_driver_lib.a(lpc8xx_gpio.o)
                0x000007cc                PININT1_IRQHandler
 .text.PININT2_IRQHandler
                0x000007d8        0xc C:\Users\Hikaru\Documents\LPCXpresso_7.4.0_229\workspace3\lpc800_driver_lib\Debug\liblpc800_driver_lib.a(lpc8xx_gpio.o)
                0x000007d8                PININT2_IRQHandler
 .text.PININT4_IRQHandler
                0x000007e4        0xc C:\Users\Hikaru\Documents\LPCXpresso_7.4.0_229\workspace3\lpc800_driver_lib\Debug\liblpc800_driver_lib.a(lpc8xx_gpio.o)
                0x000007e4                PININT4_IRQHandler
 .text.PININT5_IRQHandler
                0x000007f0        0xc C:\Users\Hikaru\Documents\LPCXpresso_7.4.0_229\workspace3\lpc800_driver_lib\Debug\liblpc800_driver_lib.a(lpc8xx_gpio.o)
                0x000007f0                PININT5_IRQHandler
 .text.PININT6_IRQHandler
                0x000007fc        0xc C:\Users\Hikaru\Documents\LPCXpresso_7.4.0_229\workspace3\lpc800_driver_lib\Debug\liblpc800_driver_lib.a(lpc8xx_gpio.o)
                0x000007fc                PININT6_IRQHandler
 .text.PININT7_IRQHandler
                0x00000808        0xc C:\Users\Hikaru\Documents\LPCXpresso_7.4.0_229\workspace3\lpc800_driver_lib\Debug\liblpc800_driver_lib.a(lpc8xx_gpio.o)
                0x00000808                PININT7_IRQHandler
 .text.GPIOSetBitValue
                0x00000814       0x28 C:\Users\Hikaru\Documents\LPCXpresso_7.4.0_229\workspace3\lpc800_driver_lib\Debug\liblpc800_driver_lib.a(lpc8xx_gpio.o)
                0x00000814                GPIOSetBitValue
 .text.GPIOSetDir
                0x0000083c       0x30 C:\Users\Hikaru\Documents\LPCXpresso_7.4.0_229\workspace3\lpc800_driver_lib\Debug\liblpc800_driver_lib.a(lpc8xx_gpio.o)
                0x0000083c                GPIOSetDir
 .text.I2C_MasterStatus
                0x0000086c       0x40 C:\Users\Hikaru\Documents\LPCXpresso_7.4.0_229\workspace3\lpc800_driver_lib\Debug\liblpc800_driver_lib.a(lpc8xx_i2c.o)
                0x0000086c                I2C_MasterStatus
 .text.I2C_SlaveStatus
                0x000008ac       0x30 C:\Users\Hikaru\Documents\LPCXpresso_7.4.0_229\workspace3\lpc800_driver_lib\Debug\liblpc800_driver_lib.a(lpc8xx_i2c.o)
                0x000008ac                I2C_SlaveStatus
 .text.I2C_IRQHandler
                0x000008dc      0x1d0 C:\Users\Hikaru\Documents\LPCXpresso_7.4.0_229\workspace3\lpc800_driver_lib\Debug\liblpc800_driver_lib.a(lpc8xx_i2c.o)
                0x000008dc                I2C_IRQHandler
 .text.I2C_MstInit
                0x00000aac       0x4c C:\Users\Hikaru\Documents\LPCXpresso_7.4.0_229\workspace3\lpc800_driver_lib\Debug\liblpc800_driver_lib.a(lpc8xx_i2c.o)
                0x00000aac                I2C_MstInit
 .text.I2C_CheckError
                0x00000af8       0x44 C:\Users\Hikaru\Documents\LPCXpresso_7.4.0_229\workspace3\lpc800_driver_lib\Debug\liblpc800_driver_lib.a(lpc8xx_i2c.o)
                0x00000af8                I2C_CheckError
 .text.I2C_CheckIdle
                0x00000b3c       0x18 C:\Users\Hikaru\Documents\LPCXpresso_7.4.0_229\workspace3\lpc800_driver_lib\Debug\liblpc800_driver_lib.a(lpc8xx_i2c.o)
                0x00000b3c                I2C_CheckIdle
 .text.I2C_MstSend
                0x00000b54       0xb0 C:\Users\Hikaru\Documents\LPCXpresso_7.4.0_229\workspace3\lpc800_driver_lib\Debug\liblpc800_driver_lib.a(lpc8xx_i2c.o)
                0x00000b54                I2C_MstSend
 .text.I2C_MstReceive
                0x00000c04       0x90 C:\Users\Hikaru\Documents\LPCXpresso_7.4.0_229\workspace3\lpc800_driver_lib\Debug\liblpc800_driver_lib.a(lpc8xx_i2c.o)
                0x00000c04                I2C_MstReceive
 .text.I2C_MstSendRcv
                0x00000c94      0x11c C:\Users\Hikaru\Documents\LPCXpresso_7.4.0_229\workspace3\lpc800_driver_lib\Debug\liblpc800_driver_lib.a(lpc8xx_i2c.o)
                0x00000c94                I2C_MstSendRcv
 .text.UART_Handler
                0x00000db0       0x84 C:\Users\Hikaru\Documents\LPCXpresso_7.4.0_229\workspace3\lpc800_driver_lib\Debug\liblpc800_driver_lib.a(lpc8xx_uart.o)
                0x00000db0                UART_Handler
 .text.UART0_IRQHandler
                0x00000e34       0x10 C:\Users\Hikaru\Documents\LPCXpresso_7.4.0_229\workspace3\lpc800_driver_lib\Debug\liblpc800_driver_lib.a(lpc8xx_uart.o)
                0x00000e34                UART0_IRQHandler
 .text.UART1_IRQHandler
                0x00000e44       0x10 C:\Users\Hikaru\Documents\LPCXpresso_7.4.0_229\workspace3\lpc800_driver_lib\Debug\liblpc800_driver_lib.a(lpc8xx_uart.o)
                0x00000e44                UART1_IRQHandler
 .text.UART2_IRQHandler
                0x00000e54       0x10 C:\Users\Hikaru\Documents\LPCXpresso_7.4.0_229\workspace3\lpc800_driver_lib\Debug\liblpc800_driver_lib.a(lpc8xx_uart.o)
                0x00000e54                UART2_IRQHandler
 .text.UARTClock_Init
                0x00000e64       0x94 C:\Users\Hikaru\Documents\LPCXpresso_7.4.0_229\workspace3\lpc800_driver_lib\Debug\liblpc800_driver_lib.a(lpc8xx_uart.o)
                0x00000e64                UARTClock_Init
 .text.UARTInit
                0x00000ef8       0xc0 C:\Users\Hikaru\Documents\LPCXpresso_7.4.0_229\workspace3\lpc800_driver_lib\Debug\liblpc800_driver_lib.a(lpc8xx_uart.o)
                0x00000ef8                UARTInit
 .text.UARTSend
                0x00000fb8       0x2c C:\Users\Hikaru\Documents\LPCXpresso_7.4.0_229\workspace3\lpc800_driver_lib\Debug\liblpc800_driver_lib.a(lpc8xx_uart.o)
                0x00000fb8                UARTSend
 .text.SystemCoreClockUpdate
                0x00000fe4       0x84 C:\Users\Hikaru\Documents\LPCXpresso_7.4.0_229\workspace3\CMSIS_CORE_LPC8xx\Debug\libCMSIS_CORE_LPC8xx.a(system_LPC8xx.o)
                0x00000fe4                SystemCoreClockUpdate
 .text.SystemInit
                0x00001068       0x40 C:\Users\Hikaru\Documents\LPCXpresso_7.4.0_229\workspace3\CMSIS_CORE_LPC8xx\Debug\libCMSIS_CORE_LPC8xx.a(system_LPC8xx.o)
                0x00001068                SystemInit
 .text.__main   0x000010a8       0x12 c:/nxp/lpcxpresso_7.4.0_229/lpcxpresso/tools/bin/../lib/gcc/arm-none-eabi/4.8.4/../../../../arm-none-eabi/lib/armv6-m\libcr_semihost.a(_cr__main.o)
                0x000010a8                __CR_SEMIHOST
                0x000010a8                __main
 .text.fp_round
                0x000010ba       0x48 c:/nxp/lpcxpresso_7.4.0_229/lpcxpresso/tools/bin/../lib/gcc/arm-none-eabi/4.8.4/../../../../arm-none-eabi/lib/armv6-m\libcr_c.a(fpprintf.o)
 .text.pr_dec.constprop.1
                0x00001102       0x28 c:/nxp/lpcxpresso_7.4.0_229/lpcxpresso/tools/bin/../lib/gcc/arm-none-eabi/4.8.4/../../../../arm-none-eabi/lib/armv6-m\libcr_c.a(fpprintf.o)
 *fill*         0x0000112a        0x6 
 .text.sprintf  0x00001130       0x70 c:/nxp/lpcxpresso_7.4.0_229/lpcxpresso/tools/bin/../lib/gcc/arm-none-eabi/4.8.4/../../../../arm-none-eabi/lib/armv6-m\libcr_c.a(fpprintf.o)
                0x00001130                sprintf
 .text.fp_display
                0x000011a0      0x980 c:/nxp/lpcxpresso_7.4.0_229/lpcxpresso/tools/bin/../lib/gcc/arm-none-eabi/4.8.4/../../../../arm-none-eabi/lib/armv6-m\libcr_c.a(fpprintf.o)
 .text._initio  0x00001b20       0xa4 c:/nxp/lpcxpresso_7.4.0_229/lpcxpresso/tools/bin/../lib/gcc/arm-none-eabi/4.8.4/../../../../arm-none-eabi/lib/armv6-m\libcr_c.a(initio.o)
                0x00001b20                _initio
 .text.__vfprintf
                0x00001bc4      0xd4c c:/nxp/lpcxpresso_7.4.0_229/lpcxpresso/tools/bin/../lib/gcc/arm-none-eabi/4.8.4/../../../../arm-none-eabi/lib/armv6-m\libcr_c.a(printf.o)
                0x00001bc4                __vfprintf
 .text.setvbuf  0x00002910       0x48 c:/nxp/lpcxpresso_7.4.0_229/lpcxpresso/tools/bin/../lib/gcc/arm-none-eabi/4.8.4/../../../../arm-none-eabi/lib/armv6-m\libcr_c.a(setvbuf.o)
                0x00002910                setvbuf
 .text.strlen   0x00002958       0x54 c:/nxp/lpcxpresso_7.4.0_229/lpcxpresso/tools/bin/../lib/gcc/arm-none-eabi/4.8.4/../../../../arm-none-eabi/lib/armv6-m\libcr_c.a(strlen.o)
                0x00002958                strlen
 .text.memset   0x000029ac        0x8 c:/nxp/lpcxpresso_7.4.0_229/lpcxpresso/tools/bin/../lib/gcc/arm-none-eabi/4.8.4/../../../../arm-none-eabi/lib/armv6-m\libcr_c.a(memset.o)
                0x000029ac                memset
 .text._deferredlazyseek
                0x000029b4       0x44 c:/nxp/lpcxpresso_7.4.0_229/lpcxpresso/tools/bin/../lib/gcc/arm-none-eabi/4.8.4/../../../../arm-none-eabi/lib/armv6-m\libcr_c.a(_deferredlazyseek.o)
                0x000029b4                _deferredlazyseek
 .text.__flsbuf
                0x000029f8      0x154 c:/nxp/lpcxpresso_7.4.0_229/lpcxpresso/tools/bin/../lib/gcc/arm-none-eabi/4.8.4/../../../../arm-none-eabi/lib/armv6-m\libcr_c.a(_deferredlazyseek.o)
                0x000029f8                __flsbuf
 .text._fdopen  0x00002b4c       0x68 c:/nxp/lpcxpresso_7.4.0_229/lpcxpresso/tools/bin/../lib/gcc/arm-none-eabi/4.8.4/../../../../arm-none-eabi/lib/armv6-m\libcr_c.a(_fdopen.o)
                0x00002b4c                _fdopen
 .text._fflush  0x00002bb4       0x64 c:/nxp/lpcxpresso_7.4.0_229/lpcxpresso/tools/bin/../lib/gcc/arm-none-eabi/4.8.4/../../../../arm-none-eabi/lib/armv6-m\libcr_c.a(_fflush.o)
                0x00002bb4                _fflush
 .text._frexpl  0x00002c18       0x80 c:/nxp/lpcxpresso_7.4.0_229/lpcxpresso/tools/bin/../lib/gcc/arm-none-eabi/4.8.4/../../../../arm-none-eabi/lib/armv6-m\libcr_c.a(_frexpl.o)
                0x00002c18                _frexpl
 .text._ldexpl  0x00002c98       0x60 c:/nxp/lpcxpresso_7.4.0_229/lpcxpresso/tools/bin/../lib/gcc/arm-none-eabi/4.8.4/../../../../arm-none-eabi/lib/armv6-m\libcr_c.a(_ldexpl.o)
                0x00002c98                _ldexpl
 .text._Cwritebuf
                0x00002cf8       0x6c c:/nxp/lpcxpresso_7.4.0_229/lpcxpresso/tools/bin/../lib/gcc/arm-none-eabi/4.8.4/../../../../arm-none-eabi/lib/armv6-m\libcr_c.a(_writebuf.o)
                0x00002cf8                _Cwritebuf
 .text.malloc   0x00002d64       0xc0 c:/nxp/lpcxpresso_7.4.0_229/lpcxpresso/tools/bin/../lib/gcc/arm-none-eabi/4.8.4/../../../../arm-none-eabi/lib/armv6-m\libcr_c.a(alloc.o)
                0x00002d64                malloc
 .text.free     0x00002e24        0xe c:/nxp/lpcxpresso_7.4.0_229/lpcxpresso/tools/bin/../lib/gcc/arm-none-eabi/4.8.4/../../../../arm-none-eabi/lib/armv6-m\libcr_c.a(alloc.o)
                0x00002e24                free
 *fill*         0x00002e32        0x2 
 .text._Csys_alloc
                0x00002e34       0x20 c:/nxp/lpcxpresso_7.4.0_229/lpcxpresso/tools/bin/../lib/gcc/arm-none-eabi/4.8.4/../../../../arm-none-eabi/lib/armv6-m\libcr_c.a(alloc.o)
                0x00002e34                _Csys_alloc
 .text.fclose   0x00002e54       0x70 c:/nxp/lpcxpresso_7.4.0_229/lpcxpresso/tools/bin/../lib/gcc/arm-none-eabi/4.8.4/../../../../arm-none-eabi/lib/armv6-m\libcr_c.a(fclose.o)
                0x00002e54                fclose
 .text.fflush   0x00002ec4       0x34 c:/nxp/lpcxpresso_7.4.0_229/lpcxpresso/tools/bin/../lib/gcc/arm-none-eabi/4.8.4/../../../../arm-none-eabi/lib/armv6-m\libcr_c.a(fflush.o)
                0x00002ec4                fflush
 .text.fseek    0x00002ef8       0xf8 c:/nxp/lpcxpresso_7.4.0_229/lpcxpresso/tools/bin/../lib/gcc/arm-none-eabi/4.8.4/../../../../arm-none-eabi/lib/armv6-m\libcr_c.a(fseek.o)
                0x00002ef8                fseek
 .text.ftell    0x00002ff0       0x4c c:/nxp/lpcxpresso_7.4.0_229/lpcxpresso/tools/bin/../lib/gcc/arm-none-eabi/4.8.4/../../../../arm-none-eabi/lib/armv6-m\libcr_c.a(ftell.o)
                0x00002ff0                ftell
 .text.remove   0x0000303c       0x12 c:/nxp/lpcxpresso_7.4.0_229/lpcxpresso/tools/bin/../lib/gcc/arm-none-eabi/4.8.4/../../../../arm-none-eabi/lib/armv6-m\libcr_c.a(remove.o)
                0x0000303c                remove
 *fill*         0x0000304e        0x2 
 .text._sbrk    0x00003050       0x40 c:/nxp/lpcxpresso_7.4.0_229/lpcxpresso/tools/bin/../lib/gcc/arm-none-eabi/4.8.4/../../../../arm-none-eabi/lib/armv6-m\libcr_c.a(_cr_sbrk.o)
                0x00003050                _sbrk
 .text._do_fflush
                0x00003090       0x48 c:/nxp/lpcxpresso_7.4.0_229/lpcxpresso/tools/bin/../lib/gcc/arm-none-eabi/4.8.4/../../../../arm-none-eabi/lib/armv6-m\libcr_c.a(_do_fflush.o)
                0x00003090                _do_fflush
 .text.__check_heap_overflow
                0x000030d8       0x18 c:/nxp/lpcxpresso_7.4.0_229/lpcxpresso/tools/bin/../lib/gcc/arm-none-eabi/4.8.4/../../../../arm-none-eabi/lib/armv6-m\libcr_c.a(_cr_check_heap.o)
                0x000030d8                __check_heap_overflow
 .text.__aeabi_division_idivmod
                0x000030f0       0x78 c:/nxp/lpcxpresso_7.4.0_229/lpcxpresso/tools/bin/../lib/gcc/arm-none-eabi/4.8.4/armv6-m\libcr_eabihelpers.a(division_32.o)
                0x000030f0                __aeabi_idivmod
                0x000030f0                __aeabi_idiv
                0x000030f6                __aeabi_uidivmod
                0x000030f6                __aeabi_uidiv
 .text.__aeabi_division_idiv0
                0x00003168        0x2 c:/nxp/lpcxpresso_7.4.0_229/lpcxpresso/tools/bin/../lib/gcc/arm-none-eabi/4.8.4/armv6-m\libcr_eabihelpers.a(division_idiv0.o)
                0x00003168                __aeabi_idiv0
 *fill*         0x0000316a        0x6 
 .text.__aeabi_dmul
                0x00003170      0x188 c:/nxp/lpcxpresso_7.4.0_229/lpcxpresso/tools/bin/../lib/gcc/arm-none-eabi/4.8.4/armv6-m\libcr_eabihelpers.a(double.o)
                0x00003170                __aeabi_dmul
 .text.__aeabi_ddiv
                0x000032f8      0x160 c:/nxp/lpcxpresso_7.4.0_229/lpcxpresso/tools/bin/../lib/gcc/arm-none-eabi/4.8.4/armv6-m\libcr_eabihelpers.a(double.o)
                0x000032f8                __aeabi_ddiv
 .text.__aeabi_dsub
                0x00003458      0x1e8 c:/nxp/lpcxpresso_7.4.0_229/lpcxpresso/tools/bin/../lib/gcc/arm-none-eabi/4.8.4/armv6-m\libcr_eabihelpers.a(double.o)
                0x00003458                __aeabi_dsub
 .text.__aeabi_dadd
                0x00003640      0x148 c:/nxp/lpcxpresso_7.4.0_229/lpcxpresso/tools/bin/../lib/gcc/arm-none-eabi/4.8.4/armv6-m\libcr_eabihelpers.a(double.o)
                0x00003640                __aeabi_dadd
 .text.__aeabi_d2iz
                0x00003788       0x48 c:/nxp/lpcxpresso_7.4.0_229/lpcxpresso/tools/bin/../lib/gcc/arm-none-eabi/4.8.4/armv6-m\libcr_eabihelpers.a(double.o)
                0x00003788                __aeabi_d2iz
 .text.__bhs_ui2d
                0x000037d0       0x5e c:/nxp/lpcxpresso_7.4.0_229/lpcxpresso/tools/bin/../lib/gcc/arm-none-eabi/4.8.4/armv6-m\libcr_eabihelpers.a(double.o)
                0x000037d0                __bhs_ui2d
 .text.__aeabi_i2d
                0x0000382e       0x16 c:/nxp/lpcxpresso_7.4.0_229/lpcxpresso/tools/bin/../lib/gcc/arm-none-eabi/4.8.4/armv6-m\libcr_eabihelpers.a(double.o)
                0x0000382e                __aeabi_i2d
 .text.__aeabi_dcmpeq
                0x00003844       0x38 c:/nxp/lpcxpresso_7.4.0_229/lpcxpresso/tools/bin/../lib/gcc/arm-none-eabi/4.8.4/armv6-m\libcr_eabihelpers.a(double.o)
                0x00003844                __aeabi_dcmpeq
 .text.__aeabi_dcmplt
                0x0000387c       0x78 c:/nxp/lpcxpresso_7.4.0_229/lpcxpresso/tools/bin/../lib/gcc/arm-none-eabi/4.8.4/armv6-m\libcr_eabihelpers.a(double.o)
                0x0000387c                __aeabi_dcmplt
 .text.__aeabi_dcmple
                0x000038f4       0x78 c:/nxp/lpcxpresso_7.4.0_229/lpcxpresso/tools/bin/../lib/gcc/arm-none-eabi/4.8.4/armv6-m\libcr_eabihelpers.a(double.o)
                0x000038f4                __aeabi_dcmple
 .text.__aeabi_dcmpge
                0x0000396c       0x70 c:/nxp/lpcxpresso_7.4.0_229/lpcxpresso/tools/bin/../lib/gcc/arm-none-eabi/4.8.4/armv6-m\libcr_eabihelpers.a(double.o)
                0x0000396c                __aeabi_dcmpge
 .text.__aeabi_llong_lmul
                0x000039dc       0x2e c:/nxp/lpcxpresso_7.4.0_229/lpcxpresso/tools/bin/../lib/gcc/arm-none-eabi/4.8.4/armv6-m\libcr_eabihelpers.a(llong.o)
                0x000039dc                __aeabi_lmul
 .text.__aeabi_memset_lowlevel
                0x00003a0a       0x2a c:/nxp/lpcxpresso_7.4.0_229/lpcxpresso/tools/bin/../lib/gcc/arm-none-eabi/4.8.4/armv6-m\libcr_eabihelpers.a(memcpy.o)
                0x00003a0a                __aeabi_lowlevel_memset
 .text.__sys_appexit
                0x00003a34        0xc c:/nxp/lpcxpresso_7.4.0_229/lpcxpresso/tools/bin/../lib/gcc/arm-none-eabi/4.8.4/../../../../arm-none-eabi/lib/armv6-m\libcr_semihost.a(__sys_appexit.o)
                0x00003a34                __sys_appexit
                0x00003a34                __exit
 .text.__sys_close
                0x00003a40        0xc c:/nxp/lpcxpresso_7.4.0_229/lpcxpresso/tools/bin/../lib/gcc/arm-none-eabi/4.8.4/../../../../arm-none-eabi/lib/armv6-m\libcr_semihost.a(__sys_close.o)
                0x00003a40                __sys_close
 .text.__sys_flen
                0x00003a4c        0xc c:/nxp/lpcxpresso_7.4.0_229/lpcxpresso/tools/bin/../lib/gcc/arm-none-eabi/4.8.4/../../../../arm-none-eabi/lib/armv6-m\libcr_semihost.a(__sys_flen.o)
                0x00003a4c                __sys_flen
 .text.__sys_istty
                0x00003a58        0xc c:/nxp/lpcxpresso_7.4.0_229/lpcxpresso/tools/bin/../lib/gcc/arm-none-eabi/4.8.4/../../../../arm-none-eabi/lib/armv6-m\libcr_semihost.a(__sys_istty.o)
                0x00003a58                __sys_istty
 .text.__sys_remove
                0x00003a64        0xc c:/nxp/lpcxpresso_7.4.0_229/lpcxpresso/tools/bin/../lib/gcc/arm-none-eabi/4.8.4/../../../../arm-none-eabi/lib/armv6-m\libcr_semihost.a(__sys_remove.o)
                0x00003a64                __sys_remove
 .text.__sys_seek
                0x00003a70        0xc c:/nxp/lpcxpresso_7.4.0_229/lpcxpresso/tools/bin/../lib/gcc/arm-none-eabi/4.8.4/../../../../arm-none-eabi/lib/armv6-m\libcr_semihost.a(__sys_seek.o)
                0x00003a70                __sys_seek
 .text.__sys_tmpnam
                0x00003a7c        0xc c:/nxp/lpcxpresso_7.4.0_229/lpcxpresso/tools/bin/../lib/gcc/arm-none-eabi/4.8.4/../../../../arm-none-eabi/lib/armv6-m\libcr_semihost.a(__sys_tmpnam.o)
                0x00003a7c                __sys_tmpnam
 .text.__sys_write
                0x00003a88        0xc c:/nxp/lpcxpresso_7.4.0_229/lpcxpresso/tools/bin/../lib/gcc/arm-none-eabi/4.8.4/../../../../arm-none-eabi/lib/armv6-m\libcr_semihost.a(__sys_write.o)
                0x00003a88                __sys_write
                0x00003a88                __write
 *(.rodata .rodata.* .constdata .constdata.*)
 .rodata.str1.4
                0x00003a94       0x84 ./src/MyLPC812.o
 .rodata.PININT_Handler
                0x00003b18       0x20 C:\Users\Hikaru\Documents\LPCXpresso_7.4.0_229\workspace3\lpc800_driver_lib\Debug\liblpc800_driver_lib.a(lpc8xx_gpio.o)
 .rodata.CSWTCH.6
                0x00003b38       0x3c C:\Users\Hikaru\Documents\LPCXpresso_7.4.0_229\workspace3\CMSIS_CORE_LPC8xx\Debug\libCMSIS_CORE_LPC8xx.a(system_LPC8xx.o)
 .rodata.str1.1
                0x00003b74       0x34 c:/nxp/lpcxpresso_7.4.0_229/lpcxpresso/tools/bin/../lib/gcc/arm-none-eabi/4.8.4/../../../../arm-none-eabi/lib/armv6-m\libcr_c.a(fpprintf.o)
                                 0x35 (size before relaxing)
 .rodata.str1.1
                0x00003ba8        0x4 c:/nxp/lpcxpresso_7.4.0_229/lpcxpresso/tools/bin/../lib/gcc/arm-none-eabi/4.8.4/../../../../arm-none-eabi/lib/armv6-m\libcr_c.a(initio.o)
 .rodata.str1.1
                0x00003bac       0x31 c:/nxp/lpcxpresso_7.4.0_229/lpcxpresso/tools/bin/../lib/gcc/arm-none-eabi/4.8.4/../../../../arm-none-eabi/lib/armv6-m\libcr_c.a(printf.o)
                                 0x38 (size before relaxing)
 .rodata.str1.1
                0x00003bdd       0x18 c:/nxp/lpcxpresso_7.4.0_229/lpcxpresso/tools/bin/../lib/gcc/arm-none-eabi/4.8.4/../../../../arm-none-eabi/lib/armv6-m\libcr_c.a(alloc.o)
 *fill*         0x00003bf5        0x3 
 .rodata.__huge_vall
                0x00003bf8        0x8 c:/nxp/lpcxpresso_7.4.0_229/lpcxpresso/tools/bin/../lib/gcc/arm-none-eabi/4.8.4/../../../../arm-none-eabi/lib/armv6-m\libcr_c.a(_hugeval.o)
                0x00003bf8                __huge_vall
                0x00003c00                . = ALIGN (0x4)

.glue_7         0x00003c00        0x0
 .glue_7        0x00000000        0x0 linker stubs

.glue_7t        0x00003c00        0x0
 .glue_7t       0x00000000        0x0 linker stubs

.vfp11_veneer   0x00003c00        0x0
 .vfp11_veneer  0x00000000        0x0 linker stubs

.v4_bx          0x00003c00        0x0
 .v4_bx         0x00000000        0x0 linker stubs

.iplt           0x00003c00        0x0
 .iplt          0x00000000        0x0 ./src/MyLPC812.o

.rel.dyn        0x00003c00        0x0
 .rel.iplt      0x00000000        0x0 ./src/MyLPC812.o

.ARM.extab
 *(.ARM.extab* .gnu.linkonce.armextab.*)
                0x00003c00                __exidx_start = .

.ARM.exidx
 *(.ARM.exidx* .gnu.linkonce.armexidx.*)
                0x00003c00                __exidx_end = .
                0x00003c00                _etext = .

.mtb_buffer_default
                0x10000000      0x100
 *(.mtb*)
 .mtb.$RAM1     0x10000000      0x100 ./src/mtb.o
                0x10000000                __mtb_buffer__

.uninit_RESERVED
                0x10000100        0x0
 *(.bss.$RESERVED*)
                0x10000100                . = ALIGN (0x4)
                0x10000100                _end_uninit_RESERVED = .

.data           0x10000100        0x8 load address 0x00003c00
 FILL mask 0xff
                0x10000100                _data = .
 *(vtable)
 *(.ramfunc*)
 *(.data*)
 .data.UARTTxEmpty
                0x10000100        0x1 C:\Users\Hikaru\Documents\LPCXpresso_7.4.0_229\workspace3\lpc800_driver_lib\Debug\liblpc800_driver_lib.a(lpc8xx_uart.o)
                0x10000100                UARTTxEmpty
 *fill*         0x10000101        0x3 
 .data.SystemCoreClock
                0x10000104        0x4 C:\Users\Hikaru\Documents\LPCXpresso_7.4.0_229\workspace3\CMSIS_CORE_LPC8xx\Debug\libCMSIS_CORE_LPC8xx.a(system_LPC8xx.o)
                0x10000104                SystemCoreClock
                0x10000108                . = ALIGN (0x4)
                0x10000108                _edata = .

.igot.plt       0x10000108        0x0 load address 0x00003c08
 .igot.plt      0x00000000        0x0 ./src/MyLPC812.o

.bss            0x10000108      0x3d0 load address 0x00003c08
                0x10000108                _bss = .
 *(.bss*)
 .bss.ticker    0x10000108        0x4 ./src/MyLPC812.o
                0x10000108                ticker
 .bss.ticker2   0x1000010c        0x4 ./src/MyLPC812.o
                0x1000010c                ticker2
 .bss.flex_int_falling_edge_counter
                0x10000110       0x20 C:\Users\Hikaru\Documents\LPCXpresso_7.4.0_229\workspace3\lpc800_driver_lib\Debug\liblpc800_driver_lib.a(lpc8xx_gpio.o)
                0x10000110                flex_int_falling_edge_counter
 .bss.flex_int_counter
                0x10000130       0x20 C:\Users\Hikaru\Documents\LPCXpresso_7.4.0_229\workspace3\lpc800_driver_lib\Debug\liblpc800_driver_lib.a(lpc8xx_gpio.o)
                0x10000130                flex_int_counter
 .bss.flex_int_rising_edge_counter
                0x10000150       0x20 C:\Users\Hikaru\Documents\LPCXpresso_7.4.0_229\workspace3\lpc800_driver_lib\Debug\liblpc800_driver_lib.a(lpc8xx_gpio.o)
                0x10000150                flex_int_rising_edge_counter
 .bss.flex_int_level_counter
                0x10000170       0x20 C:\Users\Hikaru\Documents\LPCXpresso_7.4.0_229\workspace3\lpc800_driver_lib\Debug\liblpc800_driver_lib.a(lpc8xx_gpio.o)
                0x10000170                flex_int_level_counter
 .bss.mstidle   0x10000190        0x4 C:\Users\Hikaru\Documents\LPCXpresso_7.4.0_229\workspace3\lpc800_driver_lib\Debug\liblpc800_driver_lib.a(lpc8xx_i2c.o)
                0x10000190                mstidle
 .bss.I2CInterruptCount
                0x10000194        0x4 C:\Users\Hikaru\Documents\LPCXpresso_7.4.0_229\workspace3\lpc800_driver_lib\Debug\liblpc800_driver_lib.a(lpc8xx_i2c.o)
                0x10000194                I2CInterruptCount
 .bss.I2CARBLossCount
                0x10000198        0x4 C:\Users\Hikaru\Documents\LPCXpresso_7.4.0_229\workspace3\lpc800_driver_lib\Debug\liblpc800_driver_lib.a(lpc8xx_i2c.o)
                0x10000198                I2CARBLossCount
 .bss.I2CSlvDeselectedCount
                0x1000019c        0x4 C:\Users\Hikaru\Documents\LPCXpresso_7.4.0_229\workspace3\lpc800_driver_lib\Debug\liblpc800_driver_lib.a(lpc8xx_i2c.o)
                0x1000019c                I2CSlvDeselectedCount
 .bss.I2CSlvTXCount
                0x100001a0        0x4 C:\Users\Hikaru\Documents\LPCXpresso_7.4.0_229\workspace3\lpc800_driver_lib\Debug\liblpc800_driver_lib.a(lpc8xx_i2c.o)
                0x100001a0                I2CSlvTXCount
 .bss.I2CMstIdleCount
                0x100001a4        0x4 C:\Users\Hikaru\Documents\LPCXpresso_7.4.0_229\workspace3\lpc800_driver_lib\Debug\liblpc800_driver_lib.a(lpc8xx_i2c.o)
                0x100001a4                I2CMstIdleCount
 .bss.slvtxrdy  0x100001a8        0x4 C:\Users\Hikaru\Documents\LPCXpresso_7.4.0_229\workspace3\lpc800_driver_lib\Debug\liblpc800_driver_lib.a(lpc8xx_i2c.o)
                0x100001a8                slvtxrdy
 .bss.I2CMstNACKTXCount
                0x100001ac        0x4 C:\Users\Hikaru\Documents\LPCXpresso_7.4.0_229\workspace3\lpc800_driver_lib\Debug\liblpc800_driver_lib.a(lpc8xx_i2c.o)
                0x100001ac                I2CMstNACKTXCount
 .bss.RetryCount
                0x100001b0        0x4 C:\Users\Hikaru\Documents\LPCXpresso_7.4.0_229\workspace3\lpc800_driver_lib\Debug\liblpc800_driver_lib.a(lpc8xx_i2c.o)
                0x100001b0                RetryCount
 .bss.I2CSlvAddrCount
                0x100001b4        0x4 C:\Users\Hikaru\Documents\LPCXpresso_7.4.0_229\workspace3\lpc800_driver_lib\Debug\liblpc800_driver_lib.a(lpc8xx_i2c.o)
                0x100001b4                I2CSlvAddrCount
 .bss.I2CMstNACKAddrCount
                0x100001b8        0x4 C:\Users\Hikaru\Documents\LPCXpresso_7.4.0_229\workspace3\lpc800_driver_lib\Debug\liblpc800_driver_lib.a(lpc8xx_i2c.o)
                0x100001b8                I2CMstNACKAddrCount
 .bss.slvrxrdy  0x100001bc        0x4 C:\Users\Hikaru\Documents\LPCXpresso_7.4.0_229\workspace3\lpc800_driver_lib\Debug\liblpc800_driver_lib.a(lpc8xx_i2c.o)
                0x100001bc                slvrxrdy
 .bss.mstrxrdy  0x100001c0        0x4 C:\Users\Hikaru\Documents\LPCXpresso_7.4.0_229\workspace3\lpc800_driver_lib\Debug\liblpc800_driver_lib.a(lpc8xx_i2c.o)
                0x100001c0                mstrxrdy
 .bss.slvaddrrcvd
                0x100001c4        0x4 C:\Users\Hikaru\Documents\LPCXpresso_7.4.0_229\workspace3\lpc800_driver_lib\Debug\liblpc800_driver_lib.a(lpc8xx_i2c.o)
                0x100001c4                slvaddrrcvd
 .bss.I2CMstSSErrCount
                0x100001c8        0x4 C:\Users\Hikaru\Documents\LPCXpresso_7.4.0_229\workspace3\lpc800_driver_lib\Debug\liblpc800_driver_lib.a(lpc8xx_i2c.o)
                0x100001c8                I2CMstSSErrCount
 .bss.I2CSlvNotStrCount
                0x100001cc        0x4 C:\Users\Hikaru\Documents\LPCXpresso_7.4.0_229\workspace3\lpc800_driver_lib\Debug\liblpc800_driver_lib.a(lpc8xx_i2c.o)
                0x100001cc                I2CSlvNotStrCount
 .bss.msttxrdy  0x100001d0        0x4 C:\Users\Hikaru\Documents\LPCXpresso_7.4.0_229\workspace3\lpc800_driver_lib\Debug\liblpc800_driver_lib.a(lpc8xx_i2c.o)
                0x100001d0                msttxrdy
 .bss.I2CMstTXCount
                0x100001d4        0x4 C:\Users\Hikaru\Documents\LPCXpresso_7.4.0_229\workspace3\lpc800_driver_lib\Debug\liblpc800_driver_lib.a(lpc8xx_i2c.o)
                0x100001d4                I2CMstTXCount
 .bss.I2CMstRXCount
                0x100001d8        0x4 C:\Users\Hikaru\Documents\LPCXpresso_7.4.0_229\workspace3\lpc800_driver_lib\Debug\liblpc800_driver_lib.a(lpc8xx_i2c.o)
                0x100001d8                I2CMstRXCount
 .bss.I2CMonRXCount
                0x100001dc        0x4 C:\Users\Hikaru\Documents\LPCXpresso_7.4.0_229\workspace3\lpc800_driver_lib\Debug\liblpc800_driver_lib.a(lpc8xx_i2c.o)
                0x100001dc                I2CMonRXCount
 .bss.I2CSlvRXCount
                0x100001e0        0x4 C:\Users\Hikaru\Documents\LPCXpresso_7.4.0_229\workspace3\lpc800_driver_lib\Debug\liblpc800_driver_lib.a(lpc8xx_i2c.o)
                0x100001e0                I2CSlvRXCount
 .bss.UARTBlockReceived
                0x100001e4        0x4 C:\Users\Hikaru\Documents\LPCXpresso_7.4.0_229\workspace3\lpc800_driver_lib\Debug\liblpc800_driver_lib.a(lpc8xx_uart.o)
                0x100001e4                UARTBlockReceived
 .bss.UARTInterruptCount
                0x100001e8        0x4 C:\Users\Hikaru\Documents\LPCXpresso_7.4.0_229\workspace3\lpc800_driver_lib\Debug\liblpc800_driver_lib.a(lpc8xx_uart.o)
                0x100001e8                UARTInterruptCount
 .bss.UARTRxRdyCount
                0x100001ec        0x4 C:\Users\Hikaru\Documents\LPCXpresso_7.4.0_229\workspace3\lpc800_driver_lib\Debug\liblpc800_driver_lib.a(lpc8xx_uart.o)
                0x100001ec                UARTRxRdyCount
 .bss.AddrDetected
                0x100001f0        0x4 C:\Users\Hikaru\Documents\LPCXpresso_7.4.0_229\workspace3\lpc800_driver_lib\Debug\liblpc800_driver_lib.a(lpc8xx_uart.o)
                0x100001f0                AddrDetected
 .bss.UARTRxCount
                0x100001f4        0x4 C:\Users\Hikaru\Documents\LPCXpresso_7.4.0_229\workspace3\lpc800_driver_lib\Debug\liblpc800_driver_lib.a(lpc8xx_uart.o)
                0x100001f4                UARTRxCount
 .bss.errno     0x100001f8        0x4 c:/nxp/lpcxpresso_7.4.0_229/lpcxpresso/tools/bin/../lib/gcc/arm-none-eabi/4.8.4/../../../../arm-none-eabi/lib/armv6-m\libcr_c.a(errno.o)
                0x100001f8                errno
 *(COMMON)
 COMMON         0x100001fc      0x148 ./src/MyLPC812.o
                0x100001fc                I2CReadLength
                0x10000200                I2CMonBuffer
                0x10000300                I2CMasterRXBuffer
                0x10000310                I2CMasterTXBuffer
                0x10000320                I2CSlaveRXBuffer
                0x10000330                I2CWriteLength
                0x10000334                I2CSlaveTXBuffer
 COMMON         0x10000344        0x4 C:\Users\Hikaru\Documents\LPCXpresso_7.4.0_229\workspace3\lpc800_driver_lib\Debug\liblpc800_driver_lib.a(lpc8xx_i2c.o)
                0x10000344                I2CStatus
 COMMON         0x10000348       0x44 C:\Users\Hikaru\Documents\LPCXpresso_7.4.0_229\workspace3\lpc800_driver_lib\Debug\liblpc800_driver_lib.a(lpc8xx_uart.o)
                0x10000348                UARTRxBuffer
                0x10000368                UARTStatus
                0x1000036c                UARTTxBuffer
 COMMON         0x1000038c        0x4 c:/nxp/lpcxpresso_7.4.0_229/lpcxpresso/tools/bin/../lib/gcc/arm-none-eabi/4.8.4/../../../../arm-none-eabi/lib/armv6-m\libcr_c.a(initio.o)
                0x1000038c                _extra
 COMMON         0x10000390      0x140 c:/nxp/lpcxpresso_7.4.0_229/lpcxpresso/tools/bin/../lib/gcc/arm-none-eabi/4.8.4/../../../../arm-none-eabi/lib/armv6-m\libcr_c.a(stdio.o)
                0x10000390                __Ciob
 COMMON         0x100004d0        0x8 c:/nxp/lpcxpresso_7.4.0_229/lpcxpresso/tools/bin/../lib/gcc/arm-none-eabi/4.8.4/../../../../arm-none-eabi/lib/armv6-m\libcr_c.a(__init_alloc.o)
                0x100004d0                __heaps
                0x100004d4                __end_of_heap
                0x100004d8                . = ALIGN (0x4)
                0x100004d8                _ebss = .
                0x100004d8                PROVIDE (end, .)

.noinit         0x100004d8        0x0 load address 0x00003c08
                0x100004d8                _noinit = .
 *(.noinit*)
                0x100004d8                . = ALIGN (0x4)
                0x100004d8                _end_noinit = .
                0x100004d8                PROVIDE (_pvHeapStart, DEFINED (__user_heap_base)?__user_heap_base:.)
                0x10001000                PROVIDE (_vStackTop, DEFINED (__user_stack_top)?__user_stack_top:(__top_RamLoc4 - 0x0))
OUTPUT(MyLPC812.axf elf32-littlearm)

.debug_info     0x00000000     0x3de8
 .debug_info    0x00000000     0x126d ./src/MyLPC812.o
 .debug_info    0x0000126d      0x23a ./src/cr_startup_lpc8xx.o
 .debug_info    0x000014a7       0x3f ./src/crp.o
 .debug_info    0x000014e6       0x51 ./src/mtb.o
 .debug_info    0x00001537      0xd0f C:\Users\Hikaru\Documents\LPCXpresso_7.4.0_229\workspace3\lpc800_driver_lib\Debug\liblpc800_driver_lib.a(lpc8xx_gpio.o)
 .debug_info    0x00002246      0xd45 C:\Users\Hikaru\Documents\LPCXpresso_7.4.0_229\workspace3\lpc800_driver_lib\Debug\liblpc800_driver_lib.a(lpc8xx_i2c.o)
 .debug_info    0x00002f8b      0xa48 C:\Users\Hikaru\Documents\LPCXpresso_7.4.0_229\workspace3\lpc800_driver_lib\Debug\liblpc800_driver_lib.a(lpc8xx_uart.o)
 .debug_info    0x000039d3      0x415 C:\Users\Hikaru\Documents\LPCXpresso_7.4.0_229\workspace3\CMSIS_CORE_LPC8xx\Debug\libCMSIS_CORE_LPC8xx.a(system_LPC8xx.o)

.debug_abbrev   0x00000000      0xbcb
 .debug_abbrev  0x00000000      0x2f0 ./src/MyLPC812.o
 .debug_abbrev  0x000002f0       0xe8 ./src/cr_startup_lpc8xx.o
 .debug_abbrev  0x000003d8       0x36 ./src/crp.o
 .debug_abbrev  0x0000040e       0x41 ./src/mtb.o
 .debug_abbrev  0x0000044f      0x229 C:\Users\Hikaru\Documents\LPCXpresso_7.4.0_229\workspace3\lpc800_driver_lib\Debug\liblpc800_driver_lib.a(lpc8xx_gpio.o)
 .debug_abbrev  0x00000678      0x242 C:\Users\Hikaru\Documents\LPCXpresso_7.4.0_229\workspace3\lpc800_driver_lib\Debug\liblpc800_driver_lib.a(lpc8xx_i2c.o)
 .debug_abbrev  0x000008ba      0x22b C:\Users\Hikaru\Documents\LPCXpresso_7.4.0_229\workspace3\lpc800_driver_lib\Debug\liblpc800_driver_lib.a(lpc8xx_uart.o)
 .debug_abbrev  0x00000ae5       0xe6 C:\Users\Hikaru\Documents\LPCXpresso_7.4.0_229\workspace3\CMSIS_CORE_LPC8xx\Debug\libCMSIS_CORE_LPC8xx.a(system_LPC8xx.o)

.debug_loc      0x00000000     0x11c4
 .debug_loc     0x00000000      0x25c ./src/MyLPC812.o
 .debug_loc     0x0000025c      0x1cc ./src/cr_startup_lpc8xx.o
 .debug_loc     0x00000428      0x537 C:\Users\Hikaru\Documents\LPCXpresso_7.4.0_229\workspace3\lpc800_driver_lib\Debug\liblpc800_driver_lib.a(lpc8xx_gpio.o)
 .debug_loc     0x0000095f      0x5fc C:\Users\Hikaru\Documents\LPCXpresso_7.4.0_229\workspace3\lpc800_driver_lib\Debug\liblpc800_driver_lib.a(lpc8xx_i2c.o)
 .debug_loc     0x00000f5b      0x1f6 C:\Users\Hikaru\Documents\LPCXpresso_7.4.0_229\workspace3\lpc800_driver_lib\Debug\liblpc800_driver_lib.a(lpc8xx_uart.o)
 .debug_loc     0x00001151       0x73 C:\Users\Hikaru\Documents\LPCXpresso_7.4.0_229\workspace3\CMSIS_CORE_LPC8xx\Debug\libCMSIS_CORE_LPC8xx.a(system_LPC8xx.o)

.debug_aranges  0x00000000      0x2a8
 .debug_aranges
                0x00000000       0x50 ./src/MyLPC812.o
 .debug_aranges
                0x00000050       0x60 ./src/cr_startup_lpc8xx.o
 .debug_aranges
                0x000000b0       0x18 ./src/crp.o
 .debug_aranges
                0x000000c8       0x18 ./src/mtb.o
 .debug_aranges
                0x000000e0       0xc8 C:\Users\Hikaru\Documents\LPCXpresso_7.4.0_229\workspace3\lpc800_driver_lib\Debug\liblpc800_driver_lib.a(lpc8xx_gpio.o)
 .debug_aranges
                0x000001a8       0x80 C:\Users\Hikaru\Documents\LPCXpresso_7.4.0_229\workspace3\lpc800_driver_lib\Debug\liblpc800_driver_lib.a(lpc8xx_i2c.o)
 .debug_aranges
                0x00000228       0x58 C:\Users\Hikaru\Documents\LPCXpresso_7.4.0_229\workspace3\lpc800_driver_lib\Debug\liblpc800_driver_lib.a(lpc8xx_uart.o)
 .debug_aranges
                0x00000280       0x28 C:\Users\Hikaru\Documents\LPCXpresso_7.4.0_229\workspace3\CMSIS_CORE_LPC8xx\Debug\libCMSIS_CORE_LPC8xx.a(system_LPC8xx.o)

.debug_ranges   0x00000000      0x218
 .debug_ranges  0x00000000       0x40 ./src/MyLPC812.o
 .debug_ranges  0x00000040       0x50 ./src/cr_startup_lpc8xx.o
 .debug_ranges  0x00000090       0xb8 C:\Users\Hikaru\Documents\LPCXpresso_7.4.0_229\workspace3\lpc800_driver_lib\Debug\liblpc800_driver_lib.a(lpc8xx_gpio.o)
 .debug_ranges  0x00000148       0x70 C:\Users\Hikaru\Documents\LPCXpresso_7.4.0_229\workspace3\lpc800_driver_lib\Debug\liblpc800_driver_lib.a(lpc8xx_i2c.o)
 .debug_ranges  0x000001b8       0x48 C:\Users\Hikaru\Documents\LPCXpresso_7.4.0_229\workspace3\lpc800_driver_lib\Debug\liblpc800_driver_lib.a(lpc8xx_uart.o)
 .debug_ranges  0x00000200       0x18 C:\Users\Hikaru\Documents\LPCXpresso_7.4.0_229\workspace3\CMSIS_CORE_LPC8xx\Debug\libCMSIS_CORE_LPC8xx.a(system_LPC8xx.o)

.debug_macro    0x00000000     0x2d3e
 .debug_macro   0x00000000      0x124 ./src/MyLPC812.o
 .debug_macro   0x00000124      0x82c ./src/MyLPC812.o
 .debug_macro   0x00000950       0x1c ./src/MyLPC812.o
 .debug_macro   0x0000096c       0x3a ./src/MyLPC812.o
 .debug_macro   0x000009a6       0x10 ./src/MyLPC812.o
 .debug_macro   0x000009b6      0x12d ./src/MyLPC812.o
 .debug_macro   0x00000ae3      0x5b2 ./src/MyLPC812.o
 .debug_macro   0x00001095       0x1f ./src/MyLPC812.o
 .debug_macro   0x000010b4      0x242 ./src/MyLPC812.o
 .debug_macro   0x000012f6      0x146 ./src/MyLPC812.o
 .debug_macro   0x0000143c       0xa0 ./src/MyLPC812.o
 .debug_macro   0x000014dc       0x82 ./src/MyLPC812.o
 .debug_macro   0x0000155e       0x22 ./src/MyLPC812.o
 .debug_macro   0x00001580      0x124 ./src/MyLPC812.o
 .debug_macro   0x000016a4      0x112 ./src/MyLPC812.o
 .debug_macro   0x000017b6      0x14d ./src/MyLPC812.o
 .debug_macro   0x00001903       0x94 ./src/MyLPC812.o
 .debug_macro   0x00001997       0x1c ./src/MyLPC812.o
 .debug_macro   0x000019b3       0x1d ./src/cr_startup_lpc8xx.o
 .debug_macro   0x000019d0       0x1a ./src/crp.o
 .debug_macro   0x000019ea       0x34 ./src/crp.o
 .debug_macro   0x00001a1e       0x29 ./src/mtb.o
 .debug_macro   0x00001a47       0x10 ./src/mtb.o
 .debug_macro   0x00001a57       0x88 C:\Users\Hikaru\Documents\LPCXpresso_7.4.0_229\workspace3\lpc800_driver_lib\Debug\liblpc800_driver_lib.a(lpc8xx_gpio.o)
 .debug_macro   0x00001adf      0x820 C:\Users\Hikaru\Documents\LPCXpresso_7.4.0_229\workspace3\lpc800_driver_lib\Debug\liblpc800_driver_lib.a(lpc8xx_gpio.o)
 .debug_macro   0x000022ff       0x16 C:\Users\Hikaru\Documents\LPCXpresso_7.4.0_229\workspace3\lpc800_driver_lib\Debug\liblpc800_driver_lib.a(lpc8xx_gpio.o)
 .debug_macro   0x00002315       0x88 C:\Users\Hikaru\Documents\LPCXpresso_7.4.0_229\workspace3\lpc800_driver_lib\Debug\liblpc800_driver_lib.a(lpc8xx_i2c.o)
 .debug_macro   0x0000239d       0x88 C:\Users\Hikaru\Documents\LPCXpresso_7.4.0_229\workspace3\lpc800_driver_lib\Debug\liblpc800_driver_lib.a(lpc8xx_uart.o)
 .debug_macro   0x00002425       0xf9 C:\Users\Hikaru\Documents\LPCXpresso_7.4.0_229\workspace3\CMSIS_CORE_LPC8xx\Debug\libCMSIS_CORE_LPC8xx.a(system_LPC8xx.o)
 .debug_macro   0x0000251e      0x820 C:\Users\Hikaru\Documents\LPCXpresso_7.4.0_229\workspace3\CMSIS_CORE_LPC8xx\Debug\libCMSIS_CORE_LPC8xx.a(system_LPC8xx.o)

.debug_line     0x00000000     0x13f7
 .debug_line    0x00000000      0x434 ./src/MyLPC812.o
 .debug_line    0x00000434       0xa6 ./src/cr_startup_lpc8xx.o
 .debug_line    0x000004da       0x78 ./src/crp.o
 .debug_line    0x00000552       0x95 ./src/mtb.o
 .debug_line    0x000005e7      0x408 C:\Users\Hikaru\Documents\LPCXpresso_7.4.0_229\workspace3\lpc800_driver_lib\Debug\liblpc800_driver_lib.a(lpc8xx_gpio.o)
 .debug_line    0x000009ef      0x4cb C:\Users\Hikaru\Documents\LPCXpresso_7.4.0_229\workspace3\lpc800_driver_lib\Debug\liblpc800_driver_lib.a(lpc8xx_i2c.o)
 .debug_line    0x00000eba      0x354 C:\Users\Hikaru\Documents\LPCXpresso_7.4.0_229\workspace3\lpc800_driver_lib\Debug\liblpc800_driver_lib.a(lpc8xx_uart.o)
 .debug_line    0x0000120e      0x1e9 C:\Users\Hikaru\Documents\LPCXpresso_7.4.0_229\workspace3\CMSIS_CORE_LPC8xx\Debug\libCMSIS_CORE_LPC8xx.a(system_LPC8xx.o)

.debug_str      0x00000000     0x7c76
 .debug_str     0x00000000     0x6da6 ./src/MyLPC812.o
                               0x6e55 (size before relaxing)
 .debug_str     0x00006da6      0x179 ./src/cr_startup_lpc8xx.o
                               0x24cf (size before relaxing)
 .debug_str     0x00006f1f       0xe9 ./src/crp.o
                               0x2420 (size before relaxing)
 .debug_str     0x00007008       0xd0 ./src/mtb.o
                               0x2851 (size before relaxing)
 .debug_str     0x000070d8      0x3cd C:\Users\Hikaru\Documents\LPCXpresso_7.4.0_229\workspace3\lpc800_driver_lib\Debug\liblpc800_driver_lib.a(lpc8xx_gpio.o)
                               0x5b61 (size before relaxing)
 .debug_str     0x000074a5      0x2c9 C:\Users\Hikaru\Documents\LPCXpresso_7.4.0_229\workspace3\lpc800_driver_lib\Debug\liblpc800_driver_lib.a(lpc8xx_i2c.o)
                               0x5c10 (size before relaxing)
 .debug_str     0x0000776e      0x157 C:\Users\Hikaru\Documents\LPCXpresso_7.4.0_229\workspace3\lpc800_driver_lib\Debug\liblpc800_driver_lib.a(lpc8xx_uart.o)
                               0x5af8 (size before relaxing)
 .debug_str     0x000078c5      0x3b1 C:\Users\Hikaru\Documents\LPCXpresso_7.4.0_229\workspace3\CMSIS_CORE_LPC8xx\Debug\libCMSIS_CORE_LPC8xx.a(system_LPC8xx.o)
                               0x55cf (size before relaxing)

.comment        0x00000000       0x70
 .comment       0x00000000       0x70 ./src/MyLPC812.o
                                 0x71 (size before relaxing)
 .comment       0x00000000       0x71 ./src/cr_startup_lpc8xx.o
 .comment       0x00000000       0x71 ./src/crp.o
 .comment       0x00000000       0x71 ./src/mtb.o
 .comment       0x00000000       0x71 C:\Users\Hikaru\Documents\LPCXpresso_7.4.0_229\workspace3\lpc800_driver_lib\Debug\liblpc800_driver_lib.a(lpc8xx_gpio.o)
 .comment       0x00000000       0x71 C:\Users\Hikaru\Documents\LPCXpresso_7.4.0_229\workspace3\lpc800_driver_lib\Debug\liblpc800_driver_lib.a(lpc8xx_i2c.o)
 .comment       0x00000000       0x71 C:\Users\Hikaru\Documents\LPCXpresso_7.4.0_229\workspace3\lpc800_driver_lib\Debug\liblpc800_driver_lib.a(lpc8xx_uart.o)
 .comment       0x00000000       0x71 C:\Users\Hikaru\Documents\LPCXpresso_7.4.0_229\workspace3\CMSIS_CORE_LPC8xx\Debug\libCMSIS_CORE_LPC8xx.a(system_LPC8xx.o)
 .comment       0x00000000       0x71 c:/nxp/lpcxpresso_7.4.0_229/lpcxpresso/tools/bin/../lib/gcc/arm-none-eabi/4.8.4/../../../../arm-none-eabi/lib/armv6-m\libcr_semihost.a(_cr__main.o)
 .comment       0x00000000       0x71 c:/nxp/lpcxpresso_7.4.0_229/lpcxpresso/tools/bin/../lib/gcc/arm-none-eabi/4.8.4/../../../../arm-none-eabi/lib/armv6-m\libcr_c.a(fpprintf.o)
 .comment       0x00000000       0x71 c:/nxp/lpcxpresso_7.4.0_229/lpcxpresso/tools/bin/../lib/gcc/arm-none-eabi/4.8.4/../../../../arm-none-eabi/lib/armv6-m\libcr_c.a(initio.o)
 .comment       0x00000000       0x71 c:/nxp/lpcxpresso_7.4.0_229/lpcxpresso/tools/bin/../lib/gcc/arm-none-eabi/4.8.4/../../../../arm-none-eabi/lib/armv6-m\libcr_c.a(printf.o)
 .comment       0x00000000       0x71 c:/nxp/lpcxpresso_7.4.0_229/lpcxpresso/tools/bin/../lib/gcc/arm-none-eabi/4.8.4/../../../../arm-none-eabi/lib/armv6-m\libcr_c.a(setvbuf.o)
 .comment       0x00000000       0x71 c:/nxp/lpcxpresso_7.4.0_229/lpcxpresso/tools/bin/../lib/gcc/arm-none-eabi/4.8.4/../../../../arm-none-eabi/lib/armv6-m\libcr_c.a(stdio.o)
 .comment       0x00000000       0x71 c:/nxp/lpcxpresso_7.4.0_229/lpcxpresso/tools/bin/../lib/gcc/arm-none-eabi/4.8.4/../../../../arm-none-eabi/lib/armv6-m\libcr_c.a(strlen.o)
 .comment       0x00000000       0x71 c:/nxp/lpcxpresso_7.4.0_229/lpcxpresso/tools/bin/../lib/gcc/arm-none-eabi/4.8.4/../../../../arm-none-eabi/lib/armv6-m\libcr_c.a(memset.o)
 .comment       0x00000000       0x71 c:/nxp/lpcxpresso_7.4.0_229/lpcxpresso/tools/bin/../lib/gcc/arm-none-eabi/4.8.4/../../../../arm-none-eabi/lib/armv6-m\libcr_c.a(_deferredlazyseek.o)
 .comment       0x00000000       0x71 c:/nxp/lpcxpresso_7.4.0_229/lpcxpresso/tools/bin/../lib/gcc/arm-none-eabi/4.8.4/../../../../arm-none-eabi/lib/armv6-m\libcr_c.a(_fdopen.o)
 .comment       0x00000000       0x71 c:/nxp/lpcxpresso_7.4.0_229/lpcxpresso/tools/bin/../lib/gcc/arm-none-eabi/4.8.4/../../../../arm-none-eabi/lib/armv6-m\libcr_c.a(_fflush.o)
 .comment       0x00000000       0x71 c:/nxp/lpcxpresso_7.4.0_229/lpcxpresso/tools/bin/../lib/gcc/arm-none-eabi/4.8.4/../../../../arm-none-eabi/lib/armv6-m\libcr_c.a(_frexpl.o)
 .comment       0x00000000       0x71 c:/nxp/lpcxpresso_7.4.0_229/lpcxpresso/tools/bin/../lib/gcc/arm-none-eabi/4.8.4/../../../../arm-none-eabi/lib/armv6-m\libcr_c.a(_ldexpl.o)
 .comment       0x00000000       0x71 c:/nxp/lpcxpresso_7.4.0_229/lpcxpresso/tools/bin/../lib/gcc/arm-none-eabi/4.8.4/../../../../arm-none-eabi/lib/armv6-m\libcr_c.a(_writebuf.o)
 .comment       0x00000000       0x71 c:/nxp/lpcxpresso_7.4.0_229/lpcxpresso/tools/bin/../lib/gcc/arm-none-eabi/4.8.4/../../../../arm-none-eabi/lib/armv6-m\libcr_c.a(alloc.o)
 .comment       0x00000000       0x71 c:/nxp/lpcxpresso_7.4.0_229/lpcxpresso/tools/bin/../lib/gcc/arm-none-eabi/4.8.4/../../../../arm-none-eabi/lib/armv6-m\libcr_c.a(errno.o)
 .comment       0x00000000       0x71 c:/nxp/lpcxpresso_7.4.0_229/lpcxpresso/tools/bin/../lib/gcc/arm-none-eabi/4.8.4/../../../../arm-none-eabi/lib/armv6-m\libcr_c.a(fclose.o)
 .comment       0x00000000       0x71 c:/nxp/lpcxpresso_7.4.0_229/lpcxpresso/tools/bin/../lib/gcc/arm-none-eabi/4.8.4/../../../../arm-none-eabi/lib/armv6-m\libcr_c.a(fflush.o)
 .comment       0x00000000       0x71 c:/nxp/lpcxpresso_7.4.0_229/lpcxpresso/tools/bin/../lib/gcc/arm-none-eabi/4.8.4/../../../../arm-none-eabi/lib/armv6-m\libcr_c.a(fseek.o)
 .comment       0x00000000       0x71 c:/nxp/lpcxpresso_7.4.0_229/lpcxpresso/tools/bin/../lib/gcc/arm-none-eabi/4.8.4/../../../../arm-none-eabi/lib/armv6-m\libcr_c.a(ftell.o)
 .comment       0x00000000       0x71 c:/nxp/lpcxpresso_7.4.0_229/lpcxpresso/tools/bin/../lib/gcc/arm-none-eabi/4.8.4/../../../../arm-none-eabi/lib/armv6-m\libcr_c.a(remove.o)
 .comment       0x00000000       0x71 c:/nxp/lpcxpresso_7.4.0_229/lpcxpresso/tools/bin/../lib/gcc/arm-none-eabi/4.8.4/../../../../arm-none-eabi/lib/armv6-m\libcr_c.a(__init_alloc.o)
 .comment       0x00000000       0x71 c:/nxp/lpcxpresso_7.4.0_229/lpcxpresso/tools/bin/../lib/gcc/arm-none-eabi/4.8.4/../../../../arm-none-eabi/lib/armv6-m\libcr_c.a(_cr_sbrk.o)
 .comment       0x00000000       0x71 c:/nxp/lpcxpresso_7.4.0_229/lpcxpresso/tools/bin/../lib/gcc/arm-none-eabi/4.8.4/../../../../arm-none-eabi/lib/armv6-m\libcr_c.a(_do_fflush.o)
 .comment       0x00000000       0x71 c:/nxp/lpcxpresso_7.4.0_229/lpcxpresso/tools/bin/../lib/gcc/arm-none-eabi/4.8.4/../../../../arm-none-eabi/lib/armv6-m\libcr_c.a(_hugeval.o)
 .comment       0x00000000       0x71 c:/nxp/lpcxpresso_7.4.0_229/lpcxpresso/tools/bin/../lib/gcc/arm-none-eabi/4.8.4/../../../../arm-none-eabi/lib/armv6-m\libcr_c.a(_cr_check_heap.o)
 .comment       0x00000000       0x71 c:/nxp/lpcxpresso_7.4.0_229/lpcxpresso/tools/bin/../lib/gcc/arm-none-eabi/4.8.4/armv6-m\libcr_eabihelpers.a(double.o)

.ARM.attributes
                0x00000000       0x2f
 .ARM.attributes
                0x00000000       0x31 ./src/MyLPC812.o
 .ARM.attributes
                0x00000031       0x31 ./src/cr_startup_lpc8xx.o
 .ARM.attributes
                0x00000062       0x31 ./src/crp.o
 .ARM.attributes
                0x00000093       0x31 ./src/mtb.o
 .ARM.attributes
                0x000000c4       0x31 C:\Users\Hikaru\Documents\LPCXpresso_7.4.0_229\workspace3\lpc800_driver_lib\Debug\liblpc800_driver_lib.a(lpc8xx_gpio.o)
 .ARM.attributes
                0x000000f5       0x31 C:\Users\Hikaru\Documents\LPCXpresso_7.4.0_229\workspace3\lpc800_driver_lib\Debug\liblpc800_driver_lib.a(lpc8xx_i2c.o)
 .ARM.attributes
                0x00000126       0x31 C:\Users\Hikaru\Documents\LPCXpresso_7.4.0_229\workspace3\lpc800_driver_lib\Debug\liblpc800_driver_lib.a(lpc8xx_uart.o)
 .ARM.attributes
                0x00000157       0x31 C:\Users\Hikaru\Documents\LPCXpresso_7.4.0_229\workspace3\CMSIS_CORE_LPC8xx\Debug\libCMSIS_CORE_LPC8xx.a(system_LPC8xx.o)
 .ARM.attributes
                0x00000188       0x31 c:/nxp/lpcxpresso_7.4.0_229/lpcxpresso/tools/bin/../lib/gcc/arm-none-eabi/4.8.4/../../../../arm-none-eabi/lib/armv6-m\libcr_semihost.a(_cr__main.o)
 .ARM.attributes
                0x000001b9       0x31 c:/nxp/lpcxpresso_7.4.0_229/lpcxpresso/tools/bin/../lib/gcc/arm-none-eabi/4.8.4/../../../../arm-none-eabi/lib/armv6-m\libcr_c.a(fpprintf.o)
 .ARM.attributes
                0x000001ea       0x31 c:/nxp/lpcxpresso_7.4.0_229/lpcxpresso/tools/bin/../lib/gcc/arm-none-eabi/4.8.4/../../../../arm-none-eabi/lib/armv6-m\libcr_c.a(initio.o)
 .ARM.attributes
                0x0000021b       0x31 c:/nxp/lpcxpresso_7.4.0_229/lpcxpresso/tools/bin/../lib/gcc/arm-none-eabi/4.8.4/../../../../arm-none-eabi/lib/armv6-m\libcr_c.a(printf.o)
 .ARM.attributes
                0x0000024c       0x31 c:/nxp/lpcxpresso_7.4.0_229/lpcxpresso/tools/bin/../lib/gcc/arm-none-eabi/4.8.4/../../../../arm-none-eabi/lib/armv6-m\libcr_c.a(setvbuf.o)
 .ARM.attributes
                0x0000027d       0x31 c:/nxp/lpcxpresso_7.4.0_229/lpcxpresso/tools/bin/../lib/gcc/arm-none-eabi/4.8.4/../../../../arm-none-eabi/lib/armv6-m\libcr_c.a(stdio.o)
 .ARM.attributes
                0x000002ae       0x31 c:/nxp/lpcxpresso_7.4.0_229/lpcxpresso/tools/bin/../lib/gcc/arm-none-eabi/4.8.4/../../../../arm-none-eabi/lib/armv6-m\libcr_c.a(strlen.o)
 .ARM.attributes
                0x000002df       0x31 c:/nxp/lpcxpresso_7.4.0_229/lpcxpresso/tools/bin/../lib/gcc/arm-none-eabi/4.8.4/../../../../arm-none-eabi/lib/armv6-m\libcr_c.a(memset.o)
 .ARM.attributes
                0x00000310       0x31 c:/nxp/lpcxpresso_7.4.0_229/lpcxpresso/tools/bin/../lib/gcc/arm-none-eabi/4.8.4/../../../../arm-none-eabi/lib/armv6-m\libcr_c.a(_deferredlazyseek.o)
 .ARM.attributes
                0x00000341       0x31 c:/nxp/lpcxpresso_7.4.0_229/lpcxpresso/tools/bin/../lib/gcc/arm-none-eabi/4.8.4/../../../../arm-none-eabi/lib/armv6-m\libcr_c.a(_fdopen.o)
 .ARM.attributes
                0x00000372       0x31 c:/nxp/lpcxpresso_7.4.0_229/lpcxpresso/tools/bin/../lib/gcc/arm-none-eabi/4.8.4/../../../../arm-none-eabi/lib/armv6-m\libcr_c.a(_fflush.o)
 .ARM.attributes
                0x000003a3       0x31 c:/nxp/lpcxpresso_7.4.0_229/lpcxpresso/tools/bin/../lib/gcc/arm-none-eabi/4.8.4/../../../../arm-none-eabi/lib/armv6-m\libcr_c.a(_frexpl.o)
 .ARM.attributes
                0x000003d4       0x31 c:/nxp/lpcxpresso_7.4.0_229/lpcxpresso/tools/bin/../lib/gcc/arm-none-eabi/4.8.4/../../../../arm-none-eabi/lib/armv6-m\libcr_c.a(_ldexpl.o)
 .ARM.attributes
                0x00000405       0x31 c:/nxp/lpcxpresso_7.4.0_229/lpcxpresso/tools/bin/../lib/gcc/arm-none-eabi/4.8.4/../../../../arm-none-eabi/lib/armv6-m\libcr_c.a(_writebuf.o)
 .ARM.attributes
                0x00000436       0x31 c:/nxp/lpcxpresso_7.4.0_229/lpcxpresso/tools/bin/../lib/gcc/arm-none-eabi/4.8.4/../../../../arm-none-eabi/lib/armv6-m\libcr_c.a(alloc.o)
 .ARM.attributes
                0x00000467       0x31 c:/nxp/lpcxpresso_7.4.0_229/lpcxpresso/tools/bin/../lib/gcc/arm-none-eabi/4.8.4/../../../../arm-none-eabi/lib/armv6-m\libcr_c.a(errno.o)
 .ARM.attributes
                0x00000498       0x31 c:/nxp/lpcxpresso_7.4.0_229/lpcxpresso/tools/bin/../lib/gcc/arm-none-eabi/4.8.4/../../../../arm-none-eabi/lib/armv6-m\libcr_c.a(fclose.o)
 .ARM.attributes
                0x000004c9       0x31 c:/nxp/lpcxpresso_7.4.0_229/lpcxpresso/tools/bin/../lib/gcc/arm-none-eabi/4.8.4/../../../../arm-none-eabi/lib/armv6-m\libcr_c.a(fflush.o)
 .ARM.attributes
                0x000004fa       0x31 c:/nxp/lpcxpresso_7.4.0_229/lpcxpresso/tools/bin/../lib/gcc/arm-none-eabi/4.8.4/../../../../arm-none-eabi/lib/armv6-m\libcr_c.a(fseek.o)
 .ARM.attributes
                0x0000052b       0x31 c:/nxp/lpcxpresso_7.4.0_229/lpcxpresso/tools/bin/../lib/gcc/arm-none-eabi/4.8.4/../../../../arm-none-eabi/lib/armv6-m\libcr_c.a(ftell.o)
 .ARM.attributes
                0x0000055c       0x31 c:/nxp/lpcxpresso_7.4.0_229/lpcxpresso/tools/bin/../lib/gcc/arm-none-eabi/4.8.4/../../../../arm-none-eabi/lib/armv6-m\libcr_c.a(remove.o)
 .ARM.attributes
                0x0000058d       0x31 c:/nxp/lpcxpresso_7.4.0_229/lpcxpresso/tools/bin/../lib/gcc/arm-none-eabi/4.8.4/../../../../arm-none-eabi/lib/armv6-m\libcr_c.a(__init_alloc.o)
 .ARM.attributes
                0x000005be       0x31 c:/nxp/lpcxpresso_7.4.0_229/lpcxpresso/tools/bin/../lib/gcc/arm-none-eabi/4.8.4/../../../../arm-none-eabi/lib/armv6-m\libcr_c.a(_cr_sbrk.o)
 .ARM.attributes
                0x000005ef       0x31 c:/nxp/lpcxpresso_7.4.0_229/lpcxpresso/tools/bin/../lib/gcc/arm-none-eabi/4.8.4/../../../../arm-none-eabi/lib/armv6-m\libcr_c.a(_do_fflush.o)
 .ARM.attributes
                0x00000620       0x31 c:/nxp/lpcxpresso_7.4.0_229/lpcxpresso/tools/bin/../lib/gcc/arm-none-eabi/4.8.4/../../../../arm-none-eabi/lib/armv6-m\libcr_c.a(_hugeval.o)
 .ARM.attributes
                0x00000651       0x31 c:/nxp/lpcxpresso_7.4.0_229/lpcxpresso/tools/bin/../lib/gcc/arm-none-eabi/4.8.4/../../../../arm-none-eabi/lib/armv6-m\libcr_c.a(_cr_check_heap.o)
 .ARM.attributes
                0x00000682       0x21 c:/nxp/lpcxpresso_7.4.0_229/lpcxpresso/tools/bin/../lib/gcc/arm-none-eabi/4.8.4/armv6-m\libcr_eabihelpers.a(division_32.o)
 .ARM.attributes
                0x000006a3       0x21 c:/nxp/lpcxpresso_7.4.0_229/lpcxpresso/tools/bin/../lib/gcc/arm-none-eabi/4.8.4/armv6-m\libcr_eabihelpers.a(division_idiv0.o)
 .ARM.attributes
                0x000006c4       0x31 c:/nxp/lpcxpresso_7.4.0_229/lpcxpresso/tools/bin/../lib/gcc/arm-none-eabi/4.8.4/armv6-m\libcr_eabihelpers.a(double.o)
 .ARM.attributes
                0x000006f5       0x21 c:/nxp/lpcxpresso_7.4.0_229/lpcxpresso/tools/bin/../lib/gcc/arm-none-eabi/4.8.4/armv6-m\libcr_eabihelpers.a(llong.o)
 .ARM.attributes
                0x00000716       0x21 c:/nxp/lpcxpresso_7.4.0_229/lpcxpresso/tools/bin/../lib/gcc/arm-none-eabi/4.8.4/armv6-m\libcr_eabihelpers.a(memcpy.o)
 .ARM.attributes
                0x00000737       0x21 c:/nxp/lpcxpresso_7.4.0_229/lpcxpresso/tools/bin/../lib/gcc/arm-none-eabi/4.8.4/../../../../arm-none-eabi/lib/armv6-m\libcr_semihost.a(__sys_appexit.o)
 .ARM.attributes
                0x00000758       0x21 c:/nxp/lpcxpresso_7.4.0_229/lpcxpresso/tools/bin/../lib/gcc/arm-none-eabi/4.8.4/../../../../arm-none-eabi/lib/armv6-m\libcr_semihost.a(__sys_close.o)
 .ARM.attributes
                0x00000779       0x21 c:/nxp/lpcxpresso_7.4.0_229/lpcxpresso/tools/bin/../lib/gcc/arm-none-eabi/4.8.4/../../../../arm-none-eabi/lib/armv6-m\libcr_semihost.a(__sys_flen.o)
 .ARM.attributes
                0x0000079a       0x21 c:/nxp/lpcxpresso_7.4.0_229/lpcxpresso/tools/bin/../lib/gcc/arm-none-eabi/4.8.4/../../../../arm-none-eabi/lib/armv6-m\libcr_semihost.a(__sys_istty.o)
 .ARM.attributes
                0x000007bb       0x21 c:/nxp/lpcxpresso_7.4.0_229/lpcxpresso/tools/bin/../lib/gcc/arm-none-eabi/4.8.4/../../../../arm-none-eabi/lib/armv6-m\libcr_semihost.a(__sys_remove.o)
 .ARM.attributes
                0x000007dc       0x21 c:/nxp/lpcxpresso_7.4.0_229/lpcxpresso/tools/bin/../lib/gcc/arm-none-eabi/4.8.4/../../../../arm-none-eabi/lib/armv6-m\libcr_semihost.a(__sys_seek.o)
 .ARM.attributes
                0x000007fd       0x21 c:/nxp/lpcxpresso_7.4.0_229/lpcxpresso/tools/bin/../lib/gcc/arm-none-eabi/4.8.4/../../../../arm-none-eabi/lib/armv6-m\libcr_semihost.a(__sys_tmpnam.o)
 .ARM.attributes
                0x0000081e       0x21 c:/nxp/lpcxpresso_7.4.0_229/lpcxpresso/tools/bin/../lib/gcc/arm-none-eabi/4.8.4/../../../../arm-none-eabi/lib/armv6-m\libcr_semihost.a(__sys_write.o)

.debug_frame    0x00000000      0x610
 .debug_frame   0x00000000       0xbc ./src/MyLPC812.o
 .debug_frame   0x000000bc       0xb4 ./src/cr_startup_lpc8xx.o
 .debug_frame   0x00000170      0x1e0 C:\Users\Hikaru\Documents\LPCXpresso_7.4.0_229\workspace3\lpc800_driver_lib\Debug\liblpc800_driver_lib.a(lpc8xx_gpio.o)
 .debug_frame   0x00000350      0x194 C:\Users\Hikaru\Documents\LPCXpresso_7.4.0_229\workspace3\lpc800_driver_lib\Debug\liblpc800_driver_lib.a(lpc8xx_i2c.o)
 .debug_frame   0x000004e4       0xf0 C:\Users\Hikaru\Documents\LPCXpresso_7.4.0_229\workspace3\lpc800_driver_lib\Debug\liblpc800_driver_lib.a(lpc8xx_uart.o)
 .debug_frame   0x000005d4       0x3c C:\Users\Hikaru\Documents\LPCXpresso_7.4.0_229\workspace3\CMSIS_CORE_LPC8xx\Debug\libCMSIS_CORE_LPC8xx.a(system_LPC8xx.o)
